0 verbose cli /usr/local/bin/node /usr/local/bin/npm
1 info using npm@10.9.3
2 info using node@v22.19.0
3 silly config load:file:/usr/local/lib/node_modules/npm/npmrc
4 silly config load:file:/Users/yumna/workspace/portfolio/.npmrc
5 silly config load:file:/Users/yumna/.npmrc
6 silly config load:file:/usr/local/etc/npmrc
7 verbose title npm install @mui/material @mui/icons-material @emotion/react @emotion/styled @mui/lab
8 verbose argv "install" "@mui/material" "@mui/icons-material" "@emotion/react" "@emotion/styled" "@mui/lab" "--cache" "/Users/yumna/workspace/portfolio/.npm-cache"
9 verbose logfile logs-max:10 dir:/Users/yumna/workspace/portfolio/.npm-cache/_logs/2025-10-21T18_47_43_172Z-
10 verbose logfile /Users/yumna/workspace/portfolio/.npm-cache/_logs/2025-10-21T18_47_43_172Z-debug-0.log
11 silly logfile done cleaning log files
12 silly packumentCache heap:2197815296 maxSize:549453824 maxEntrySize:274726912
13 silly idealTree buildDeps
14 silly fetch manifest @mui/material@*
15 silly packumentCache full:https://registry.npmjs.org/@mui%2fmaterial cache-miss
16 http fetch GET 200 https://registry.npmjs.org/npm 916ms
17 http fetch GET 200 https://registry.npmjs.org/@mui%2fmaterial 1082ms (cache miss)
18 silly packumentCache full:https://registry.npmjs.org/@mui%2fmaterial set size:undefined disposed:false
19 silly fetch manifest @emotion/react@*
20 silly packumentCache full:https://registry.npmjs.org/@emotion%2freact cache-miss
21 http fetch GET 200 https://registry.npmjs.org/@emotion%2freact 188ms (cache miss)
22 silly packumentCache full:https://registry.npmjs.org/@emotion%2freact set size:undefined disposed:false
23 silly fetch manifest react@19.1.0
24 silly packumentCache full:https://registry.npmjs.org/react cache-miss
25 http fetch GET 200 https://registry.npmjs.org/react 864ms (cache miss)
26 silly packumentCache full:https://registry.npmjs.org/react set size:undefined disposed:false
27 silly fetch manifest @emotion/styled@*
28 silly packumentCache full:https://registry.npmjs.org/@emotion%2fstyled cache-miss
29 http fetch GET 200 https://registry.npmjs.org/@emotion%2fstyled 339ms (cache miss)
30 silly packumentCache full:https://registry.npmjs.org/@emotion%2fstyled set size:undefined disposed:false
31 silly fetch manifest @mui/material-pigment-css@^7.3.3
32 silly packumentCache full:https://registry.npmjs.org/@mui%2fmaterial-pigment-css cache-miss
33 http fetch GET 200 https://registry.npmjs.org/@mui%2fmaterial-pigment-css 363ms (cache miss)
34 silly packumentCache full:https://registry.npmjs.org/@mui%2fmaterial-pigment-css set size:undefined disposed:false
35 silly fetch manifest @pigment-css/react@^0.0.30
36 silly packumentCache full:https://registry.npmjs.org/@pigment-css%2freact cache-miss
37 http fetch GET 200 https://registry.npmjs.org/@pigment-css%2freact 535ms (cache miss)
38 silly packumentCache full:https://registry.npmjs.org/@pigment-css%2freact set size:undefined disposed:false
39 silly fetch manifest @types/react@^19
40 silly packumentCache full:https://registry.npmjs.org/@types%2freact cache-miss
41 http fetch GET 200 https://registry.npmjs.org/@types%2freact 375ms (cache miss)
42 silly packumentCache full:https://registry.npmjs.org/@types%2freact set size:undefined disposed:false
43 silly fetch manifest react-dom@19.1.0
44 silly packumentCache full:https://registry.npmjs.org/react-dom cache-miss
45 http fetch GET 200 https://registry.npmjs.org/react-dom 987ms (cache miss)
46 silly packumentCache full:https://registry.npmjs.org/react-dom set size:undefined disposed:false
47 silly fetch manifest @mui/icons-material@*
48 silly packumentCache full:https://registry.npmjs.org/@mui%2ficons-material cache-miss
49 http fetch GET 200 https://registry.npmjs.org/@mui%2ficons-material 206ms (cache miss)
50 silly packumentCache full:https://registry.npmjs.org/@mui%2ficons-material set size:undefined disposed:false
51 silly fetch manifest @mui/lab@*
52 silly packumentCache full:https://registry.npmjs.org/@mui%2flab cache-miss
53 http fetch GET 200 https://registry.npmjs.org/@mui%2flab 213ms (cache miss)
54 silly packumentCache full:https://registry.npmjs.org/@mui%2flab set size:undefined disposed:false
55 silly placeDep ROOT @emotion/react@11.14.0 OK for: portfolio@0.1.0 want: *
56 silly placeDep ROOT @emotion/styled@11.14.1 OK for: portfolio@0.1.0 want: *
57 silly placeDep ROOT @mui/icons-material@7.3.4 OK for: portfolio@0.1.0 want: *
58 silly placeDep ROOT @mui/material@7.3.4 OK for: @mui/icons-material@7.3.4 want: ^7.3.4
59 silly placeDep ROOT @mui/lab@7.0.1-beta.18 OK for: portfolio@0.1.0 want: *
60 silly placeDep ROOT @mui/material@7.3.4 REPLACE for: portfolio@0.1.0 want: *
61 silly fetch manifest @babel/runtime@^7.18.3
62 silly packumentCache full:https://registry.npmjs.org/@babel%2fruntime cache-miss
63 silly fetch manifest @emotion/babel-plugin@^11.13.5
64 silly packumentCache full:https://registry.npmjs.org/@emotion%2fbabel-plugin cache-miss
65 silly fetch manifest @emotion/cache@^11.14.0
66 silly packumentCache full:https://registry.npmjs.org/@emotion%2fcache cache-miss
67 silly fetch manifest @emotion/serialize@^1.3.3
68 silly packumentCache full:https://registry.npmjs.org/@emotion%2fserialize cache-miss
69 silly fetch manifest @emotion/use-insertion-effect-with-fallbacks@^1.2.0
70 silly packumentCache full:https://registry.npmjs.org/@emotion%2fuse-insertion-effect-with-fallbacks cache-miss
71 silly fetch manifest @emotion/utils@^1.4.2
72 silly packumentCache full:https://registry.npmjs.org/@emotion%2futils cache-miss
73 silly fetch manifest @emotion/weak-memoize@^0.4.0
74 silly packumentCache full:https://registry.npmjs.org/@emotion%2fweak-memoize cache-miss
75 http fetch GET 200 https://registry.npmjs.org/@emotion%2fbabel-plugin 247ms (cache miss)
76 silly packumentCache full:https://registry.npmjs.org/@emotion%2fbabel-plugin set size:undefined disposed:false
77 silly fetch manifest hoist-non-react-statics@^3.3.1
78 silly packumentCache full:https://registry.npmjs.org/hoist-non-react-statics cache-miss
79 http fetch GET 200 https://registry.npmjs.org/@babel%2fruntime 329ms (cache miss)
80 silly packumentCache full:https://registry.npmjs.org/@babel%2fruntime set size:undefined disposed:false
81 silly fetch manifest @emotion/is-prop-valid@^1.3.0
82 silly packumentCache full:https://registry.npmjs.org/@emotion%2fis-prop-valid cache-miss
83 http fetch GET 200 https://registry.npmjs.org/hoist-non-react-statics 190ms (cache miss)
84 silly packumentCache full:https://registry.npmjs.org/hoist-non-react-statics set size:undefined disposed:false
85 silly fetch manifest @emotion/serialize@^1.3.3
86 silly packumentCache full:https://registry.npmjs.org/@emotion%2fserialize cache-miss
87 http fetch GET 200 https://registry.npmjs.org/@emotion%2fis-prop-valid 203ms (cache miss)
88 silly packumentCache full:https://registry.npmjs.org/@emotion%2fis-prop-valid set size:undefined disposed:false
89 silly fetch manifest @emotion/use-insertion-effect-with-fallbacks@^1.2.0
90 silly packumentCache full:https://registry.npmjs.org/@emotion%2fuse-insertion-effect-with-fallbacks cache-miss
91 http fetch GET 200 https://registry.npmjs.org/@emotion%2fserialize 218ms (cache miss)
92 silly packumentCache full:https://registry.npmjs.org/@emotion%2fserialize set size:undefined disposed:false
93 silly fetch manifest @emotion/utils@^1.4.2
94 silly packumentCache full:https://registry.npmjs.org/@emotion%2futils cache-miss
95 http fetch GET 200 https://registry.npmjs.org/@emotion%2fuse-insertion-effect-with-fallbacks 667ms (cache miss)
96 silly packumentCache full:https://registry.npmjs.org/@emotion%2fuse-insertion-effect-with-fallbacks set size:undefined disposed:false
97 silly fetch manifest @babel/runtime@^7.28.4
98 silly packumentCache full:https://registry.npmjs.org/@babel%2fruntime cache-miss
99 http cache https://registry.npmjs.org/@babel%2fruntime 13ms (cache hit)
100 silly packumentCache full:https://registry.npmjs.org/@babel%2fruntime set size:3222662 disposed:false
101 silly fetch manifest @popperjs/core@^2.11.8
102 silly packumentCache full:https://registry.npmjs.org/@popperjs%2fcore cache-miss
103 http fetch GET 200 https://registry.npmjs.org/@emotion%2futils 710ms (cache miss)
104 silly packumentCache full:https://registry.npmjs.org/@emotion%2futils set size:undefined disposed:false
105 silly fetch manifest @types/react-transition-group@^4.4.12
106 silly packumentCache full:https://registry.npmjs.org/@types%2freact-transition-group cache-miss
107 http fetch GET 200 https://registry.npmjs.org/@emotion%2fserialize 724ms (cache miss)
108 silly packumentCache full:https://registry.npmjs.org/@emotion%2fserialize set size:undefined disposed:false
109 silly fetch manifest clsx@^2.1.1
110 silly packumentCache full:https://registry.npmjs.org/clsx cache-miss
111 http fetch GET 200 https://registry.npmjs.org/@emotion%2fcache 728ms (cache miss)
112 silly packumentCache full:https://registry.npmjs.org/@emotion%2fcache set size:undefined disposed:false
113 silly fetch manifest react-is@^19.1.1
114 silly packumentCache full:https://registry.npmjs.org/react-is cache-miss
115 http fetch GET 200 https://registry.npmjs.org/@emotion%2fuse-insertion-effect-with-fallbacks 178ms (cache miss)
116 silly packumentCache full:https://registry.npmjs.org/@emotion%2fuse-insertion-effect-with-fallbacks set size:undefined disposed:false
117 silly fetch manifest react-transition-group@^4.4.5
118 silly packumentCache full:https://registry.npmjs.org/react-transition-group cache-miss
119 http fetch GET 200 https://registry.npmjs.org/@emotion%2futils 176ms (cache miss)
120 silly packumentCache full:https://registry.npmjs.org/@emotion%2futils set size:undefined disposed:false
121 silly fetch manifest @mui/core-downloads-tracker@^7.3.4
122 silly packumentCache full:https://registry.npmjs.org/@mui%2fcore-downloads-tracker cache-miss
123 http fetch GET 200 https://registry.npmjs.org/@types%2freact-transition-group 167ms (cache miss)
124 silly packumentCache full:https://registry.npmjs.org/@types%2freact-transition-group set size:undefined disposed:false
125 silly fetch manifest @mui/types@^7.4.7
126 silly packumentCache full:https://registry.npmjs.org/@mui%2ftypes cache-miss
127 http fetch GET 200 https://registry.npmjs.org/react-transition-group 178ms (cache miss)
128 silly packumentCache full:https://registry.npmjs.org/react-transition-group set size:undefined disposed:false
129 silly fetch manifest @mui/system@^7.3.3
130 silly packumentCache full:https://registry.npmjs.org/@mui%2fsystem cache-miss
131 http fetch GET 200 https://registry.npmjs.org/clsx 189ms (cache miss)
132 silly packumentCache full:https://registry.npmjs.org/clsx set size:undefined disposed:false
133 silly fetch manifest @mui/utils@^7.3.3
134 silly packumentCache full:https://registry.npmjs.org/@mui%2futils cache-miss
135 http fetch GET 200 https://registry.npmjs.org/@popperjs%2fcore 352ms (cache miss)
136 silly packumentCache full:https://registry.npmjs.org/@popperjs%2fcore set size:undefined disposed:false
137 silly fetch manifest @mui/system@^7.3.3
138 silly packumentCache full:https://registry.npmjs.org/@mui%2fsystem cache-miss
139 http fetch GET 200 https://registry.npmjs.org/@emotion%2fweak-memoize 1062ms (cache miss)
140 silly packumentCache full:https://registry.npmjs.org/@emotion%2fweak-memoize set size:undefined disposed:false
141 silly fetch manifest @mui/types@^7.4.7
142 silly packumentCache full:https://registry.npmjs.org/@mui%2ftypes cache-miss
143 http fetch GET 200 https://registry.npmjs.org/@mui%2ftypes 229ms (cache miss)
144 silly packumentCache full:https://registry.npmjs.org/@mui%2ftypes set size:undefined disposed:false
145 silly fetch manifest @mui/utils@^7.3.3
146 silly packumentCache full:https://registry.npmjs.org/@mui%2futils cache-miss
147 http fetch GET 200 https://registry.npmjs.org/@mui%2fsystem 353ms (cache miss)
148 silly packumentCache full:https://registry.npmjs.org/@mui%2fsystem set size:undefined disposed:false
149 silly fetch manifest react-is@^19.1.1
150 silly packumentCache full:https://registry.npmjs.org/react-is cache-miss
151 http fetch GET 200 https://registry.npmjs.org/@mui%2futils 403ms (cache miss)
152 silly packumentCache full:https://registry.npmjs.org/@mui%2futils set size:undefined disposed:false
153 silly fetch manifest @mui/core-downloads-tracker@^7.3.4
154 silly packumentCache full:https://registry.npmjs.org/@mui%2fcore-downloads-tracker cache-miss
155 http fetch GET 200 https://registry.npmjs.org/@mui%2ftypes 477ms (cache miss)
156 silly packumentCache full:https://registry.npmjs.org/@mui%2ftypes set size:undefined disposed:false
157 http fetch GET 200 https://registry.npmjs.org/@mui%2fsystem 493ms (cache miss)
158 silly packumentCache full:https://registry.npmjs.org/@mui%2fsystem set size:undefined disposed:false
159 http fetch GET 200 https://registry.npmjs.org/@mui%2futils 496ms (cache miss)
160 silly packumentCache full:https://registry.npmjs.org/@mui%2futils set size:undefined disposed:false
161 http fetch GET 200 https://registry.npmjs.org/@mui%2fcore-downloads-tracker 1331ms (cache miss)
162 silly packumentCache full:https://registry.npmjs.org/@mui%2fcore-downloads-tracker set size:undefined disposed:false
163 http fetch GET 200 https://registry.npmjs.org/@mui%2fcore-downloads-tracker 1997ms (cache miss)
164 silly packumentCache full:https://registry.npmjs.org/@mui%2fcore-downloads-tracker set size:undefined disposed:false
165 http fetch GET 200 https://registry.npmjs.org/react-is 1653ms (cache miss)
166 silly packumentCache full:https://registry.npmjs.org/react-is set size:undefined disposed:false
167 http fetch GET 200 https://registry.npmjs.org/react-is 2231ms (cache miss)
168 silly packumentCache full:https://registry.npmjs.org/react-is set size:undefined disposed:false
169 silly fetch manifest react@>=16.8.0
170 silly packumentCache full:https://registry.npmjs.org/react cache-miss
171 http cache https://registry.npmjs.org/react 8ms (cache hit)
172 silly packumentCache full:https://registry.npmjs.org/react set size:6193000 disposed:false
173 silly placeDep ROOT @babel/runtime@7.28.4 OK for: @emotion/react@11.14.0 want: ^7.18.3
174 silly placeDep ROOT @emotion/babel-plugin@11.13.5 OK for: @emotion/react@11.14.0 want: ^11.13.5
175 silly placeDep ROOT @emotion/cache@11.14.0 OK for: @emotion/react@11.14.0 want: ^11.14.0
176 silly placeDep ROOT @emotion/serialize@1.3.3 OK for: @emotion/react@11.14.0 want: ^1.3.3
177 silly placeDep ROOT @emotion/use-insertion-effect-with-fallbacks@1.2.0 OK for: @emotion/react@11.14.0 want: ^1.2.0
178 silly placeDep ROOT @emotion/utils@1.4.2 OK for: @emotion/react@11.14.0 want: ^1.4.2
179 silly placeDep ROOT @emotion/weak-memoize@0.4.0 OK for: @emotion/react@11.14.0 want: ^0.4.0
180 silly placeDep ROOT hoist-non-react-statics@3.3.2 OK for: @emotion/react@11.14.0 want: ^3.3.1
181 silly fetch manifest @babel/helper-module-imports@^7.16.7
182 silly packumentCache full:https://registry.npmjs.org/@babel%2fhelper-module-imports cache-miss
183 silly fetch manifest @emotion/hash@^0.9.2
184 silly packumentCache full:https://registry.npmjs.org/@emotion%2fhash cache-miss
185 silly fetch manifest @emotion/memoize@^0.9.0
186 silly packumentCache full:https://registry.npmjs.org/@emotion%2fmemoize cache-miss
187 silly fetch manifest babel-plugin-macros@^3.1.0
188 silly packumentCache full:https://registry.npmjs.org/babel-plugin-macros cache-miss
189 silly fetch manifest convert-source-map@^1.5.0
190 silly packumentCache full:https://registry.npmjs.org/convert-source-map cache-miss
191 silly fetch manifest find-root@^1.1.0
192 silly packumentCache full:https://registry.npmjs.org/find-root cache-miss
193 silly fetch manifest source-map@^0.5.7
194 silly packumentCache full:https://registry.npmjs.org/source-map cache-miss
195 http fetch GET 200 https://registry.npmjs.org/find-root 167ms (cache miss)
196 silly packumentCache full:https://registry.npmjs.org/find-root set size:undefined disposed:false
197 silly fetch manifest stylis@4.2.0
198 silly packumentCache full:https://registry.npmjs.org/stylis cache-miss
199 http fetch GET 200 https://registry.npmjs.org/convert-source-map 177ms (cache miss)
200 silly packumentCache full:https://registry.npmjs.org/convert-source-map set size:undefined disposed:false
201 silly fetch manifest @emotion/memoize@^0.9.0
202 silly packumentCache full:https://registry.npmjs.org/@emotion%2fmemoize cache-miss
203 http fetch GET 200 https://registry.npmjs.org/@babel%2fhelper-module-imports 236ms (cache miss)
204 silly packumentCache full:https://registry.npmjs.org/@babel%2fhelper-module-imports set size:undefined disposed:false
205 silly fetch manifest @emotion/sheet@^1.4.0
206 silly packumentCache full:https://registry.npmjs.org/@emotion%2fsheet cache-miss
207 http fetch GET 200 https://registry.npmjs.org/@emotion%2fmemoize 241ms (cache miss)
208 silly packumentCache full:https://registry.npmjs.org/@emotion%2fmemoize set size:undefined disposed:false
209 silly fetch manifest stylis@4.2.0
210 silly packumentCache full:https://registry.npmjs.org/stylis cache-miss
211 http fetch GET 200 https://registry.npmjs.org/source-map 243ms (cache miss)
212 silly packumentCache full:https://registry.npmjs.org/source-map set size:undefined disposed:false
213 silly fetch manifest @emotion/hash@^0.9.2
214 silly packumentCache full:https://registry.npmjs.org/@emotion%2fhash cache-miss
215 http fetch GET 200 https://registry.npmjs.org/@emotion%2fhash 253ms (cache miss)
216 silly packumentCache full:https://registry.npmjs.org/@emotion%2fhash set size:undefined disposed:false
217 silly fetch manifest @emotion/unitless@^0.10.0
218 silly packumentCache full:https://registry.npmjs.org/@emotion%2funitless cache-miss
219 http fetch GET 200 https://registry.npmjs.org/@emotion%2fhash 223ms (cache miss)
220 silly packumentCache full:https://registry.npmjs.org/@emotion%2fhash set size:undefined disposed:false
221 http fetch GET 200 https://registry.npmjs.org/@emotion%2fsheet 239ms (cache miss)
222 silly packumentCache full:https://registry.npmjs.org/@emotion%2fsheet set size:undefined disposed:false
223 http fetch GET 200 https://registry.npmjs.org/stylis 237ms (cache miss)
224 silly packumentCache full:https://registry.npmjs.org/stylis set size:undefined disposed:false
225 http fetch GET 200 https://registry.npmjs.org/@emotion%2funitless 232ms (cache miss)
226 silly packumentCache full:https://registry.npmjs.org/@emotion%2funitless set size:undefined disposed:false
227 http fetch GET 200 https://registry.npmjs.org/@emotion%2fmemoize 334ms (cache miss)
228 silly packumentCache full:https://registry.npmjs.org/@emotion%2fmemoize set size:undefined disposed:false
229 http fetch GET 200 https://registry.npmjs.org/babel-plugin-macros 956ms (cache miss)
230 silly packumentCache full:https://registry.npmjs.org/babel-plugin-macros set size:undefined disposed:false
231 http fetch GET 200 https://registry.npmjs.org/stylis 1095ms (cache miss)
232 silly packumentCache full:https://registry.npmjs.org/stylis set size:undefined disposed:false
233 silly placeDep ROOT @babel/helper-module-imports@7.27.1 OK for: @emotion/babel-plugin@11.13.5 want: ^7.16.7
234 silly placeDep ROOT @emotion/hash@0.9.2 OK for: @emotion/babel-plugin@11.13.5 want: ^0.9.2
235 silly placeDep ROOT @emotion/memoize@0.9.0 OK for: @emotion/babel-plugin@11.13.5 want: ^0.9.0
236 silly placeDep ROOT babel-plugin-macros@3.1.0 OK for: @emotion/babel-plugin@11.13.5 want: ^3.1.0
237 silly placeDep ROOT convert-source-map@1.9.0 OK for: @emotion/babel-plugin@11.13.5 want: ^1.5.0
238 silly placeDep ROOT find-root@1.1.0 OK for: @emotion/babel-plugin@11.13.5 want: ^1.1.0
239 silly placeDep ROOT source-map@0.5.7 OK for: @emotion/babel-plugin@11.13.5 want: ^0.5.7
240 silly placeDep ROOT stylis@4.2.0 OK for: @emotion/babel-plugin@11.13.5 want: 4.2.0
241 silly fetch manifest @babel/types@^7.27.1
242 silly packumentCache full:https://registry.npmjs.org/@babel%2ftypes cache-miss
243 silly fetch manifest @babel/traverse@^7.27.1
244 silly packumentCache full:https://registry.npmjs.org/@babel%2ftraverse cache-miss
245 silly fetch manifest cosmiconfig@^7.0.0
246 silly packumentCache full:https://registry.npmjs.org/cosmiconfig cache-miss
247 http fetch GET 200 https://registry.npmjs.org/cosmiconfig 233ms (cache miss)
248 silly packumentCache full:https://registry.npmjs.org/cosmiconfig set size:undefined disposed:false
249 http fetch GET 200 https://registry.npmjs.org/@babel%2ftraverse 275ms (cache miss)
250 silly packumentCache full:https://registry.npmjs.org/@babel%2ftraverse set size:undefined disposed:false
251 http fetch GET 200 https://registry.npmjs.org/@babel%2ftypes 311ms (cache miss)
252 silly packumentCache full:https://registry.npmjs.org/@babel%2ftypes set size:undefined disposed:false
253 silly placeDep ROOT @babel/traverse@7.28.4 OK for: @babel/helper-module-imports@7.27.1 want: ^7.27.1
254 silly placeDep ROOT @babel/types@7.28.4 OK for: @babel/helper-module-imports@7.27.1 want: ^7.27.1
255 silly fetch manifest @babel/types@^7.28.4
256 silly packumentCache full:https://registry.npmjs.org/@babel%2ftypes cache-miss
257 silly fetch manifest @babel/parser@^7.28.4
258 silly packumentCache full:https://registry.npmjs.org/@babel%2fparser cache-miss
259 silly fetch manifest @babel/template@^7.27.2
260 silly packumentCache full:https://registry.npmjs.org/@babel%2ftemplate cache-miss
261 silly fetch manifest @babel/generator@^7.28.3
262 silly packumentCache full:https://registry.npmjs.org/@babel%2fgenerator cache-miss
263 silly fetch manifest @babel/code-frame@^7.27.1
264 silly packumentCache full:https://registry.npmjs.org/@babel%2fcode-frame cache-miss
265 silly fetch manifest @babel/helper-globals@^7.28.0
266 silly packumentCache full:https://registry.npmjs.org/@babel%2fhelper-globals cache-miss
267 silly fetch manifest @babel/helper-string-parser@^7.27.1
268 silly packumentCache full:https://registry.npmjs.org/@babel%2fhelper-string-parser cache-miss
269 http cache https://registry.npmjs.org/@babel%2ftypes 10ms (cache hit)
270 silly packumentCache full:https://registry.npmjs.org/@babel%2ftypes set size:471681 disposed:false
271 silly fetch manifest @babel/helper-validator-identifier@^7.27.1
272 silly packumentCache full:https://registry.npmjs.org/@babel%2fhelper-validator-identifier cache-miss
273 http fetch GET 200 https://registry.npmjs.org/@babel%2fhelper-string-parser 174ms (cache miss)
274 silly packumentCache full:https://registry.npmjs.org/@babel%2fhelper-string-parser set size:undefined disposed:false
275 http fetch GET 200 https://registry.npmjs.org/@babel%2fhelper-globals 176ms (cache miss)
276 silly packumentCache full:https://registry.npmjs.org/@babel%2fhelper-globals set size:undefined disposed:false
277 http fetch GET 200 https://registry.npmjs.org/@babel%2ftemplate 211ms (cache miss)
278 silly packumentCache full:https://registry.npmjs.org/@babel%2ftemplate set size:undefined disposed:false
279 http fetch GET 200 https://registry.npmjs.org/@babel%2fhelper-validator-identifier 215ms (cache miss)
280 silly packumentCache full:https://registry.npmjs.org/@babel%2fhelper-validator-identifier set size:undefined disposed:false
281 http fetch GET 200 https://registry.npmjs.org/@babel%2fcode-frame 282ms (cache miss)
282 silly packumentCache full:https://registry.npmjs.org/@babel%2fcode-frame set size:undefined disposed:false
283 http fetch GET 200 https://registry.npmjs.org/@babel%2fgenerator 313ms (cache miss)
284 silly packumentCache full:https://registry.npmjs.org/@babel%2fgenerator set size:undefined disposed:false
285 http fetch GET 200 https://registry.npmjs.org/@babel%2fparser 515ms (cache miss)
286 silly packumentCache full:https://registry.npmjs.org/@babel%2fparser set size:undefined disposed:false
287 silly placeDep ROOT @babel/code-frame@7.27.1 OK for: @babel/traverse@7.28.4 want: ^7.27.1
288 silly placeDep ROOT @babel/generator@7.28.3 OK for: @babel/traverse@7.28.4 want: ^7.28.3
289 silly placeDep ROOT @babel/helper-globals@7.28.0 OK for: @babel/traverse@7.28.4 want: ^7.28.0
290 silly placeDep ROOT @babel/parser@7.28.4 OK for: @babel/traverse@7.28.4 want: ^7.28.4
291 silly placeDep ROOT @babel/template@7.27.2 OK for: @babel/traverse@7.28.4 want: ^7.27.2
292 silly fetch manifest jsesc@^3.0.2
293 silly packumentCache full:https://registry.npmjs.org/jsesc cache-miss
294 silly fetch manifest @babel/parser@^7.28.3
295 silly packumentCache full:https://registry.npmjs.org/@babel%2fparser cache-miss
296 http cache https://registry.npmjs.org/@babel%2fparser 4ms (cache hit)
297 silly packumentCache full:https://registry.npmjs.org/@babel%2fparser set size:698218 disposed:false
298 http fetch GET 200 https://registry.npmjs.org/jsesc 166ms (cache miss)
299 silly packumentCache full:https://registry.npmjs.org/jsesc set size:undefined disposed:false
300 silly placeDep ROOT @babel/helper-validator-identifier@7.27.1 OK for: @babel/code-frame@7.27.1 want: ^7.27.1
301 silly placeDep ROOT jsesc@3.1.0 OK for: @babel/generator@7.28.3 want: ^3.0.2
302 silly placeDep ROOT @babel/helper-string-parser@7.27.1 OK for: @babel/types@7.28.4 want: ^7.27.1
303 silly placeDep ROOT @emotion/sheet@1.4.0 OK for: @emotion/cache@11.14.0 want: ^1.4.0
304 silly placeDep ROOT @emotion/unitless@0.10.0 OK for: @emotion/serialize@1.3.3 want: ^0.10.0
305 silly placeDep ROOT @emotion/is-prop-valid@1.4.0 OK for: @emotion/styled@11.14.1 want: ^1.3.0
306 silly fetch manifest @emotion/react@^11.5.0
307 silly packumentCache full:https://registry.npmjs.org/@emotion%2freact cache-miss
308 http cache https://registry.npmjs.org/@emotion%2freact 5ms (cache hit)
309 silly packumentCache full:https://registry.npmjs.org/@emotion%2freact set size:196548 disposed:false
310 silly fetch manifest react@^17.0.0 || ^18.0.0 || ^19.0.0
311 silly packumentCache full:https://registry.npmjs.org/react cache-miss
312 http cache https://registry.npmjs.org/react 16ms (cache hit)
313 silly packumentCache full:https://registry.npmjs.org/react set size:6193000 disposed:false
314 silly fetch manifest @emotion/styled@^11.3.0
315 silly packumentCache full:https://registry.npmjs.org/@emotion%2fstyled cache-miss
316 http cache https://registry.npmjs.org/@emotion%2fstyled 7ms (cache hit)
317 silly packumentCache full:https://registry.npmjs.org/@emotion%2fstyled set size:286397 disposed:false
318 silly fetch manifest @types/react@^17.0.0 || ^18.0.0 || ^19.0.0
319 silly packumentCache full:https://registry.npmjs.org/@types%2freact cache-miss
320 http cache https://registry.npmjs.org/@types%2freact 5ms (cache hit)
321 silly packumentCache full:https://registry.npmjs.org/@types%2freact set size:2504314 disposed:false
322 silly placeDep ROOT @mui/system@7.3.3 OK for: @mui/lab@7.0.1-beta.18 want: ^7.3.3
323 silly placeDep ROOT @mui/types@7.4.7 OK for: @mui/lab@7.0.1-beta.18 want: ^7.4.7
324 silly placeDep ROOT @mui/utils@7.3.3 OK for: @mui/lab@7.0.1-beta.18 want: ^7.3.3
325 silly placeDep ROOT clsx@2.1.1 OK for: @mui/lab@7.0.1-beta.18 want: ^2.1.1
326 silly fetch manifest @mui/private-theming@^7.3.3
327 silly packumentCache full:https://registry.npmjs.org/@mui%2fprivate-theming cache-miss
328 silly fetch manifest @mui/styled-engine@^7.3.3
329 silly packumentCache full:https://registry.npmjs.org/@mui%2fstyled-engine cache-miss
330 silly fetch manifest @types/prop-types@^15.7.15
331 silly packumentCache full:https://registry.npmjs.org/@types%2fprop-types cache-miss
332 http fetch GET 200 https://registry.npmjs.org/@types%2fprop-types 186ms (cache miss)
333 silly packumentCache full:https://registry.npmjs.org/@types%2fprop-types set size:undefined disposed:false
334 http fetch GET 200 https://registry.npmjs.org/@mui%2fprivate-theming 1045ms (cache miss)
335 silly packumentCache full:https://registry.npmjs.org/@mui%2fprivate-theming set size:undefined disposed:false
336 http fetch GET 200 https://registry.npmjs.org/@mui%2fstyled-engine 1527ms (cache miss)
337 silly packumentCache full:https://registry.npmjs.org/@mui%2fstyled-engine set size:undefined disposed:false
338 silly fetch manifest react-dom@^17.0.0 || ^18.0.0 || ^19.0.0
339 silly packumentCache full:https://registry.npmjs.org/react-dom cache-miss
340 http cache https://registry.npmjs.org/react-dom 19ms (cache hit)
341 silly packumentCache full:https://registry.npmjs.org/react-dom set size:8084353 disposed:false
342 silly placeDep ROOT @mui/core-downloads-tracker@7.3.4 OK for: @mui/material@7.3.4 want: ^7.3.4
343 silly placeDep ROOT @popperjs/core@2.11.8 OK for: @mui/material@7.3.4 want: ^2.11.8
344 silly placeDep ROOT @types/react-transition-group@4.4.12 OK for: @mui/material@7.3.4 want: ^4.4.12
345 silly placeDep node_modules/@mui/material react-is@19.2.0 OK for: @mui/material@7.3.4 want: ^19.1.1
346 silly placeDep ROOT react-transition-group@4.4.5 OK for: @mui/material@7.3.4 want: ^4.4.5
347 silly fetch manifest dom-helpers@^5.0.1
348 silly packumentCache full:https://registry.npmjs.org/dom-helpers cache-miss
349 http fetch GET 200 https://registry.npmjs.org/dom-helpers 193ms (cache miss)
350 silly packumentCache full:https://registry.npmjs.org/dom-helpers set size:undefined disposed:false
351 silly placeDep ROOT @mui/private-theming@7.3.3 OK for: @mui/system@7.3.3 want: ^7.3.3
352 silly placeDep ROOT @mui/styled-engine@7.3.3 OK for: @mui/system@7.3.3 want: ^7.3.3
353 silly placeDep ROOT @types/prop-types@15.7.15 OK for: @mui/utils@7.3.3 want: ^15.7.15
354 silly placeDep node_modules/@mui/utils react-is@19.2.0 OK for: @mui/utils@7.3.3 want: ^19.1.1
355 silly placeDep ROOT cosmiconfig@7.1.0 OK for: babel-plugin-macros@3.1.0 want: ^7.0.0
356 silly fetch manifest @types/parse-json@^4.0.0
357 silly packumentCache full:https://registry.npmjs.org/@types%2fparse-json cache-miss
358 silly fetch manifest parse-json@^5.0.0
359 silly packumentCache full:https://registry.npmjs.org/parse-json cache-miss
360 silly fetch manifest path-type@^4.0.0
361 silly packumentCache full:https://registry.npmjs.org/path-type cache-miss
362 silly fetch manifest yaml@^1.10.0
363 silly packumentCache full:https://registry.npmjs.org/yaml cache-miss
364 http fetch GET 200 https://registry.npmjs.org/path-type 182ms (cache miss)
365 silly packumentCache full:https://registry.npmjs.org/path-type set size:undefined disposed:false
366 http fetch GET 200 https://registry.npmjs.org/@types%2fparse-json 202ms (cache miss)
367 silly packumentCache full:https://registry.npmjs.org/@types%2fparse-json set size:undefined disposed:false
368 http fetch GET 200 https://registry.npmjs.org/parse-json 205ms (cache miss)
369 silly packumentCache full:https://registry.npmjs.org/parse-json set size:undefined disposed:false
370 http fetch GET 200 https://registry.npmjs.org/yaml 249ms (cache miss)
371 silly packumentCache full:https://registry.npmjs.org/yaml set size:undefined disposed:false
372 silly placeDep ROOT @types/parse-json@4.0.2 OK for: cosmiconfig@7.1.0 want: ^4.0.0
373 silly placeDep ROOT parse-json@5.2.0 OK for: cosmiconfig@7.1.0 want: ^5.0.0
374 silly placeDep ROOT path-type@4.0.0 OK for: cosmiconfig@7.1.0 want: ^4.0.0
375 silly placeDep ROOT yaml@1.10.2 OK for: cosmiconfig@7.1.0 want: ^1.10.0
376 silly fetch manifest error-ex@^1.3.1
377 silly packumentCache full:https://registry.npmjs.org/error-ex cache-miss
378 silly fetch manifest lines-and-columns@^1.1.6
379 silly packumentCache full:https://registry.npmjs.org/lines-and-columns cache-miss
380 silly fetch manifest json-parse-even-better-errors@^2.3.0
381 silly packumentCache full:https://registry.npmjs.org/json-parse-even-better-errors cache-miss
382 http fetch GET 200 https://registry.npmjs.org/error-ex 157ms (cache miss)
383 silly packumentCache full:https://registry.npmjs.org/error-ex set size:undefined disposed:false
384 http fetch GET 200 https://registry.npmjs.org/lines-and-columns 166ms (cache miss)
385 silly packumentCache full:https://registry.npmjs.org/lines-and-columns set size:undefined disposed:false
386 http fetch GET 200 https://registry.npmjs.org/json-parse-even-better-errors 177ms (cache miss)
387 silly packumentCache full:https://registry.npmjs.org/json-parse-even-better-errors set size:undefined disposed:false
388 silly placeDep ROOT error-ex@1.3.4 OK for: parse-json@5.2.0 want: ^1.3.1
389 silly placeDep ROOT json-parse-even-better-errors@2.3.1 OK for: parse-json@5.2.0 want: ^2.3.0
390 silly placeDep ROOT lines-and-columns@1.2.4 OK for: parse-json@5.2.0 want: ^1.1.6
391 silly fetch manifest is-arrayish@^0.2.1
392 silly packumentCache full:https://registry.npmjs.org/is-arrayish cache-miss
393 http fetch GET 200 https://registry.npmjs.org/is-arrayish 207ms (cache miss)
394 silly packumentCache full:https://registry.npmjs.org/is-arrayish set size:undefined disposed:false
395 silly placeDep ROOT is-arrayish@0.2.1 OK for: error-ex@1.3.4 want: ^0.2.1
396 silly placeDep ROOT dom-helpers@5.2.1 OK for: react-transition-group@4.4.5 want: ^5.0.1
397 silly reify moves {}
398 verbose reify failed optional dependency /Users/yumna/workspace/portfolio/node_modules/@tailwindcss/oxide-wasm32-wasi
399 silly reify mark deleted [
399 silly reify   '/Users/yumna/workspace/portfolio/node_modules/@tailwindcss/oxide-wasm32-wasi'
399 silly reify ]
400 silly audit bulk request {
400 silly audit   '@alloc/quick-lru': [ '5.2.0' ],
400 silly audit   '@emnapi/core': [ '1.6.0' ],
400 silly audit   '@emnapi/runtime': [ '1.6.0' ],
400 silly audit   '@emnapi/wasi-threads': [ '1.1.0' ],
400 silly audit   '@eslint-community/eslint-utils': [ '4.9.0' ],
400 silly audit   'eslint-visitor-keys': [ '3.4.3', '4.2.1' ],
400 silly audit   '@eslint-community/regexpp': [ '4.12.1' ],
400 silly audit   '@eslint/config-array': [ '0.21.1' ],
400 silly audit   '@eslint/config-helpers': [ '0.4.1' ],
400 silly audit   '@eslint/core': [ '0.16.0' ],
400 silly audit   '@eslint/eslintrc': [ '3.3.1' ],
400 silly audit   '@eslint/js': [ '9.38.0' ],
400 silly audit   '@eslint/object-schema': [ '2.1.7' ],
400 silly audit   '@eslint/plugin-kit': [ '0.4.0' ],
400 silly audit   '@humanfs/core': [ '0.19.1' ],
400 silly audit   '@humanfs/node': [ '0.16.7' ],
400 silly audit   '@humanwhocodes/module-importer': [ '1.0.1' ],
400 silly audit   '@humanwhocodes/retry': [ '0.4.3' ],
400 silly audit   '@img/colour': [ '1.0.0' ],
400 silly audit   '@img/sharp-darwin-arm64': [ '0.34.4' ],
400 silly audit   '@img/sharp-darwin-x64': [ '0.34.4' ],
400 silly audit   '@img/sharp-libvips-darwin-arm64': [ '1.2.3' ],
400 silly audit   '@img/sharp-libvips-darwin-x64': [ '1.2.3' ],
400 silly audit   '@img/sharp-libvips-linux-arm': [ '1.2.3' ],
400 silly audit   '@img/sharp-libvips-linux-arm64': [ '1.2.3' ],
400 silly audit   '@img/sharp-libvips-linux-ppc64': [ '1.2.3' ],
400 silly audit   '@img/sharp-libvips-linux-s390x': [ '1.2.3' ],
400 silly audit   '@img/sharp-libvips-linux-x64': [ '1.2.3' ],
400 silly audit   '@img/sharp-libvips-linuxmusl-arm64': [ '1.2.3' ],
400 silly audit   '@img/sharp-libvips-linuxmusl-x64': [ '1.2.3' ],
400 silly audit   '@img/sharp-linux-arm': [ '0.34.4' ],
400 silly audit   '@img/sharp-linux-arm64': [ '0.34.4' ],
400 silly audit   '@img/sharp-linux-ppc64': [ '0.34.4' ],
400 silly audit   '@img/sharp-linux-s390x': [ '0.34.4' ],
400 silly audit   '@img/sharp-linux-x64': [ '0.34.4' ],
400 silly audit   '@img/sharp-linuxmusl-arm64': [ '0.34.4' ],
400 silly audit   '@img/sharp-linuxmusl-x64': [ '0.34.4' ],
400 silly audit   '@img/sharp-wasm32': [ '0.34.4' ],
400 silly audit   '@img/sharp-win32-arm64': [ '0.34.4' ],
400 silly audit   '@img/sharp-win32-ia32': [ '0.34.4' ],
400 silly audit   '@img/sharp-win32-x64': [ '0.34.4' ],
400 silly audit   '@jridgewell/gen-mapping': [ '0.3.13' ],
400 silly audit   '@jridgewell/remapping': [ '2.3.5' ],
400 silly audit   '@jridgewell/resolve-uri': [ '3.1.2' ],
400 silly audit   '@jridgewell/sourcemap-codec': [ '1.5.5' ],
400 silly audit   '@jridgewell/trace-mapping': [ '0.3.31' ],
400 silly audit   '@napi-rs/wasm-runtime': [ '0.2.12' ],
400 silly audit   '@next/env': [ '15.5.6' ],
400 silly audit   '@next/eslint-plugin-next': [ '15.5.6' ],
400 silly audit   '@next/swc-darwin-arm64': [ '15.5.6' ],
400 silly audit   '@next/swc-darwin-x64': [ '15.5.6' ],
400 silly audit   '@next/swc-linux-arm64-gnu': [ '15.5.6' ],
400 silly audit   '@next/swc-linux-arm64-musl': [ '15.5.6' ],
400 silly audit   '@next/swc-linux-x64-gnu': [ '15.5.6' ],
400 silly audit   '@next/swc-linux-x64-musl': [ '15.5.6' ],
400 silly audit   '@next/swc-win32-arm64-msvc': [ '15.5.6' ],
400 silly audit   '@next/swc-win32-x64-msvc': [ '15.5.6' ],
400 silly audit   '@nodelib/fs.scandir': [ '2.1.5' ],
400 silly audit   '@nodelib/fs.stat': [ '2.0.5' ],
400 silly audit   '@nodelib/fs.walk': [ '1.2.8' ],
400 silly audit   '@nolyfill/is-core-module': [ '1.0.39' ],
400 silly audit   '@rtsao/scc': [ '1.1.0' ],
400 silly audit   '@rushstack/eslint-patch': [ '1.14.0' ],
400 silly audit   '@swc/helpers': [ '0.5.15' ],
400 silly audit   '@tailwindcss/node': [ '4.1.15' ],
400 silly audit   '@tailwindcss/oxide': [ '4.1.15' ],
400 silly audit   '@tailwindcss/oxide-android-arm64': [ '4.1.15' ],
400 silly audit   '@tailwindcss/oxide-darwin-arm64': [ '4.1.15' ],
400 silly audit   '@tailwindcss/oxide-darwin-x64': [ '4.1.15' ],
400 silly audit   '@tailwindcss/oxide-freebsd-x64': [ '4.1.15' ],
400 silly audit   '@tailwindcss/oxide-linux-arm-gnueabihf': [ '4.1.15' ],
400 silly audit   '@tailwindcss/oxide-linux-arm64-gnu': [ '4.1.15' ],
400 silly audit   '@tailwindcss/oxide-linux-arm64-musl': [ '4.1.15' ],
400 silly audit   '@tailwindcss/oxide-linux-x64-gnu': [ '4.1.15' ],
400 silly audit   '@tailwindcss/oxide-linux-x64-musl': [ '4.1.15' ],
400 silly audit   '@tailwindcss/oxide-win32-arm64-msvc': [ '4.1.15' ],
400 silly audit   '@tailwindcss/oxide-win32-x64-msvc': [ '4.1.15' ],
400 silly audit   '@tailwindcss/postcss': [ '4.1.15' ],
400 silly audit   '@tybys/wasm-util': [ '0.10.1' ],
400 silly audit   '@types/estree': [ '1.0.8' ],
400 silly audit   '@types/json-schema': [ '7.0.15' ],
400 silly audit   '@types/json5': [ '0.0.29' ],
400 silly audit   '@types/node': [ '20.19.23' ],
400 silly audit   '@types/react': [ '19.2.2' ],
400 silly audit   '@types/react-dom': [ '19.2.2' ],
400 silly audit   '@typescript-eslint/eslint-plugin': [ '8.46.2' ],
400 silly audit   ignore: [ '7.0.5', '5.3.2' ],
400 silly audit   '@typescript-eslint/parser': [ '8.46.2' ],
400 silly audit   '@typescript-eslint/project-service': [ '8.46.2' ],
400 silly audit   '@typescript-eslint/scope-manager': [ '8.46.2' ],
400 silly audit   '@typescript-eslint/tsconfig-utils': [ '8.46.2' ],
400 silly audit   '@typescript-eslint/type-utils': [ '8.46.2' ],
400 silly audit   '@typescript-eslint/types': [ '8.46.2' ],
400 silly audit   '@typescript-eslint/typescript-estree': [ '8.46.2' ],
400 silly audit   'brace-expansion': [ '2.0.2', '1.1.12' ],
400 silly audit   'fast-glob': [ '3.3.3', '3.3.1' ],
400 silly audit   'glob-parent': [ '5.1.2', '6.0.2' ],
400 silly audit   minimatch: [ '9.0.5', '3.1.2' ],
400 silly audit   '@typescript-eslint/utils': [ '8.46.2' ],
400 silly audit   '@typescript-eslint/visitor-keys': [ '8.46.2' ],
400 silly audit   '@unrs/resolver-binding-android-arm-eabi': [ '1.11.1' ],
400 silly audit   '@unrs/resolver-binding-android-arm64': [ '1.11.1' ],
400 silly audit   '@unrs/resolver-binding-darwin-arm64': [ '1.11.1' ],
400 silly audit   '@unrs/resolver-binding-darwin-x64': [ '1.11.1' ],
400 silly audit   '@unrs/resolver-binding-freebsd-x64': [ '1.11.1' ],
400 silly audit   '@unrs/resolver-binding-linux-arm-gnueabihf': [ '1.11.1' ],
400 silly audit   '@unrs/resolver-binding-linux-arm-musleabihf': [ '1.11.1' ],
400 silly audit   '@unrs/resolver-binding-linux-arm64-gnu': [ '1.11.1' ],
400 silly audit   '@unrs/resolver-binding-linux-arm64-musl': [ '1.11.1' ],
400 silly audit   '@unrs/resolver-binding-linux-ppc64-gnu': [ '1.11.1' ],
400 silly audit   '@unrs/resolver-binding-linux-riscv64-gnu': [ '1.11.1' ],
400 silly audit   '@unrs/resolver-binding-linux-riscv64-musl': [ '1.11.1' ],
400 silly audit   '@unrs/resolver-binding-linux-s390x-gnu': [ '1.11.1' ],
400 silly audit   '@unrs/resolver-binding-linux-x64-gnu': [ '1.11.1' ],
400 silly audit   '@unrs/resolver-binding-linux-x64-musl': [ '1.11.1' ],
400 silly audit   '@unrs/resolver-binding-wasm32-wasi': [ '1.11.1' ],
400 silly audit   '@unrs/resolver-binding-win32-arm64-msvc': [ '1.11.1' ],
400 silly audit   '@unrs/resolver-binding-win32-ia32-msvc': [ '1.11.1' ],
400 silly audit   '@unrs/resolver-binding-win32-x64-msvc': [ '1.11.1' ],
400 silly audit   acorn: [ '8.15.0' ],
400 silly audit   'acorn-jsx': [ '5.3.2' ],
400 silly audit   ajv: [ '6.12.6' ],
400 silly audit   'ansi-styles': [ '4.3.0' ],
400 silly audit   argparse: [ '2.0.1' ],
400 silly audit   'aria-query': [ '5.3.2' ],
400 silly audit   'array-buffer-byte-length': [ '1.0.2' ],
400 silly audit   'array-includes': [ '3.1.9' ],
400 silly audit   'array.prototype.findlast': [ '1.2.5' ],
400 silly audit   'array.prototype.findlastindex': [ '1.2.6' ],
400 silly audit   'array.prototype.flat': [ '1.3.3' ],
400 silly audit   'array.prototype.flatmap': [ '1.3.3' ],
400 silly audit   'array.prototype.tosorted': [ '1.1.4' ],
400 silly audit   'arraybuffer.prototype.slice': [ '1.0.4' ],
400 silly audit   'ast-types-flow': [ '0.0.8' ],
400 silly audit   'async-function': [ '1.0.0' ],
400 silly audit   'available-typed-arrays': [ '1.0.7' ],
400 silly audit   'axe-core': [ '4.11.0' ],
400 silly audit   'axobject-query': [ '4.1.0' ],
400 silly audit   'balanced-match': [ '1.0.2' ],
400 silly audit   braces: [ '3.0.3' ],
400 silly audit   'call-bind': [ '1.0.8' ],
400 silly audit   'call-bind-apply-helpers': [ '1.0.2' ],
400 silly audit   'call-bound': [ '1.0.4' ],
400 silly audit   callsites: [ '3.1.0' ],
400 silly audit   'caniuse-lite': [ '1.0.30001751' ],
400 silly audit   chalk: [ '4.1.2' ],
400 silly audit   'client-only': [ '0.0.1' ],
400 silly audit   'color-convert': [ '2.0.1' ],
400 silly audit   'color-name': [ '1.1.4' ],
400 silly audit   'concat-map': [ '0.0.1' ],
400 silly audit   'cross-spawn': [ '7.0.6' ],
400 silly audit   csstype: [ '3.1.3' ],
400 silly audit   'damerau-levenshtein': [ '1.0.8' ],
400 silly audit   'data-view-buffer': [ '1.0.2' ],
400 silly audit   'data-view-byte-length': [ '1.0.2' ],
400 silly audit   'data-view-byte-offset': [ '1.0.1' ],
400 silly audit   debug: [ '4.4.3', '3.2.7' ],
400 silly audit   'deep-is': [ '0.1.4' ],
400 silly audit   'define-data-property': [ '1.1.4' ],
400 silly audit   'define-properties': [ '1.2.1' ],
400 silly audit   'detect-libc': [ '2.1.2' ],
400 silly audit   doctrine: [ '2.1.0' ],
400 silly audit   'dunder-proto': [ '1.0.1' ],
400 silly audit   'emoji-regex': [ '9.2.2' ],
400 silly audit   'enhanced-resolve': [ '5.18.3' ],
400 silly audit   'es-abstract': [ '1.24.0' ],
400 silly audit   'es-define-property': [ '1.0.1' ],
400 silly audit   'es-errors': [ '1.3.0' ],
400 silly audit   'es-iterator-helpers': [ '1.2.1' ],
400 silly audit   'es-object-atoms': [ '1.1.1' ],
400 silly audit   'es-set-tostringtag': [ '2.1.0' ],
400 silly audit   'es-shim-unscopables': [ '1.1.0' ],
400 silly audit   'es-to-primitive': [ '1.3.0' ],
400 silly audit   'escape-string-regexp': [ '4.0.0' ],
400 silly audit   eslint: [ '9.38.0' ],
400 silly audit   'eslint-config-next': [ '15.5.6' ],
400 silly audit   'eslint-import-resolver-node': [ '0.3.9' ],
400 silly audit   'eslint-import-resolver-typescript': [ '3.10.1' ],
400 silly audit   'eslint-module-utils': [ '2.12.1' ],
400 silly audit   'eslint-plugin-import': [ '2.32.0' ],
400 silly audit   semver: [ '6.3.1', '7.7.3' ],
400 silly audit   'eslint-plugin-jsx-a11y': [ '6.10.2' ],
400 silly audit   'eslint-plugin-react': [ '7.37.5' ],
400 silly audit   'eslint-plugin-react-hooks': [ '5.2.0' ],
400 silly audit   resolve: [ '2.0.0-next.5', '1.22.11' ],
400 silly audit   'eslint-scope': [ '8.4.0' ],
400 silly audit   espree: [ '10.4.0' ],
400 silly audit   esquery: [ '1.6.0' ],
400 silly audit   esrecurse: [ '4.3.0' ],
400 silly audit   estraverse: [ '5.3.0' ],
400 silly audit   esutils: [ '2.0.3' ],
400 silly audit   'fast-deep-equal': [ '3.1.3' ],
400 silly audit   'fast-json-stable-stringify': [ '2.1.0' ],
400 silly audit   'fast-levenshtein': [ '2.0.6' ],
400 silly audit   fastq: [ '1.19.1' ],
400 silly audit   'file-entry-cache': [ '8.0.0' ],
400 silly audit   'fill-range': [ '7.1.1' ],
400 silly audit   'find-up': [ '5.0.0' ],
400 silly audit   'flat-cache': [ '4.0.1' ],
400 silly audit   flatted: [ '3.3.3' ],
400 silly audit   'for-each': [ '0.3.5' ],
400 silly audit   'function-bind': [ '1.1.2' ],
400 silly audit   'function.prototype.name': [ '1.1.8' ],
400 silly audit   'functions-have-names': [ '1.2.3' ],
400 silly audit   'generator-function': [ '2.0.1' ],
400 silly audit   'get-intrinsic': [ '1.3.0' ],
400 silly audit   'get-proto': [ '1.0.1' ],
400 silly audit   'get-symbol-description': [ '1.1.0' ],
400 silly audit   'get-tsconfig': [ '4.12.0' ],
400 silly audit   globals: [ '14.0.0' ],
400 silly audit   globalthis: [ '1.0.4' ],
400 silly audit   gopd: [ '1.2.0' ],
400 silly audit   'graceful-fs': [ '4.2.11' ],
400 silly audit   graphemer: [ '1.4.0' ],
400 silly audit   'has-bigints': [ '1.1.0' ],
400 silly audit   'has-flag': [ '4.0.0' ],
400 silly audit   'has-property-descriptors': [ '1.0.2' ],
400 silly audit   'has-proto': [ '1.2.0' ],
400 silly audit   'has-symbols': [ '1.1.0' ],
400 silly audit   'has-tostringtag': [ '1.0.2' ],
400 silly audit   hasown: [ '2.0.2' ],
400 silly audit   'import-fresh': [ '3.3.1' ],
400 silly audit   imurmurhash: [ '0.1.4' ],
400 silly audit   'internal-slot': [ '1.1.0' ],
400 silly audit   'is-array-buffer': [ '3.0.5' ],
400 silly audit   'is-async-function': [ '2.1.1' ],
400 silly audit   'is-bigint': [ '1.1.0' ],
400 silly audit   'is-boolean-object': [ '1.2.2' ],
400 silly audit   'is-bun-module': [ '2.0.0' ],
400 silly audit   'is-callable': [ '1.2.7' ],
400 silly audit   'is-core-module': [ '2.16.1' ],
400 silly audit   'is-data-view': [ '1.0.2' ],
400 silly audit   'is-date-object': [ '1.1.0' ],
400 silly audit   'is-extglob': [ '2.1.1' ],
400 silly audit   'is-finalizationregistry': [ '1.1.1' ],
400 silly audit   'is-generator-function': [ '1.1.2' ],
400 silly audit   'is-glob': [ '4.0.3' ],
400 silly audit   'is-map': [ '2.0.3' ],
400 silly audit   'is-negative-zero': [ '2.0.3' ],
400 silly audit   'is-number': [ '7.0.0' ],
400 silly audit   'is-number-object': [ '1.1.1' ],
400 silly audit   'is-regex': [ '1.2.1' ],
400 silly audit   'is-set': [ '2.0.3' ],
400 silly audit   'is-shared-array-buffer': [ '1.0.4' ],
400 silly audit   'is-string': [ '1.1.1' ],
400 silly audit   'is-symbol': [ '1.1.1' ],
400 silly audit   'is-typed-array': [ '1.1.15' ],
400 silly audit   'is-weakmap': [ '2.0.2' ],
400 silly audit   'is-weakref': [ '1.1.1' ],
400 silly audit   'is-weakset': [ '2.0.4' ],
400 silly audit   isarray: [ '2.0.5' ],
400 silly audit   isexe: [ '2.0.0' ],
400 silly audit   'iterator.prototype': [ '1.1.5' ],
400 silly audit   jiti: [ '2.6.1' ],
400 silly audit   'js-tokens': [ '4.0.0' ],
400 silly audit   'js-yaml': [ '4.1.0' ],
400 silly audit   'json-buffer': [ '3.0.1' ],
400 silly audit   'json-schema-traverse': [ '0.4.1' ],
400 silly audit   'json-stable-stringify-without-jsonify': [ '1.0.1' ],
400 silly audit   json5: [ '1.0.2' ],
400 silly audit   'jsx-ast-utils': [ '3.3.5' ],
400 silly audit   keyv: [ '4.5.4' ],
400 silly audit   'language-subtag-registry': [ '0.3.23' ],
400 silly audit   'language-tags': [ '1.0.9' ],
400 silly audit   levn: [ '0.4.1' ],
400 silly audit   lightningcss: [ '1.30.2' ],
400 silly audit   'lightningcss-android-arm64': [ '1.30.2' ],
400 silly audit   'lightningcss-darwin-arm64': [ '1.30.2' ],
400 silly audit   'lightningcss-darwin-x64': [ '1.30.2' ],
400 silly audit   'lightningcss-freebsd-x64': [ '1.30.2' ],
400 silly audit   'lightningcss-linux-arm-gnueabihf': [ '1.30.2' ],
400 silly audit   'lightningcss-linux-arm64-gnu': [ '1.30.2' ],
400 silly audit   'lightningcss-linux-arm64-musl': [ '1.30.2' ],
400 silly audit   'lightningcss-linux-x64-gnu': [ '1.30.2' ],
400 silly audit   'lightningcss-linux-x64-musl': [ '1.30.2' ],
400 silly audit   'lightningcss-win32-arm64-msvc': [ '1.30.2' ],
400 silly audit   'lightningcss-win32-x64-msvc': [ '1.30.2' ],
400 silly audit   'locate-path': [ '6.0.0' ],
400 silly audit   'lodash.merge': [ '4.6.2' ],
400 silly audit   'loose-envify': [ '1.4.0' ],
400 silly audit   'magic-string': [ '0.30.19' ],
400 silly audit   'math-intrinsics': [ '1.1.0' ],
400 silly audit   merge2: [ '1.4.1' ],
400 silly audit   micromatch: [ '4.0.8' ],
400 silly audit   minimist: [ '1.2.8' ],
400 silly audit   ms: [ '2.1.3' ],
400 silly audit   nanoid: [ '3.3.11' ],
400 silly audit   'napi-postinstall': [ '0.3.4' ],
400 silly audit   'natural-compare': [ '1.4.0' ],
400 silly audit   next: [ '15.5.6' ],
400 silly audit   postcss: [ '8.4.31', '8.5.6' ],
400 silly audit   'object-assign': [ '4.1.1' ],
400 silly audit   'object-inspect': [ '1.13.4' ],
400 silly audit   'object-keys': [ '1.1.1' ],
400 silly audit   'object.assign': [ '4.1.7' ],
400 silly audit   'object.entries': [ '1.1.9' ],
400 silly audit   'object.fromentries': [ '2.0.8' ],
400 silly audit   'object.groupby': [ '1.0.3' ],
400 silly audit   'object.values': [ '1.2.1' ],
400 silly audit   optionator: [ '0.9.4' ],
400 silly audit   'own-keys': [ '1.0.1' ],
400 silly audit   'p-limit': [ '3.1.0' ],
400 silly audit   'p-locate': [ '5.0.0' ],
400 silly audit   'parent-module': [ '1.0.1' ],
400 silly audit   'path-exists': [ '4.0.0' ],
400 silly audit   'path-key': [ '3.1.1' ],
400 silly audit   'path-parse': [ '1.0.7' ],
400 silly audit   picocolors: [ '1.1.1' ],
400 silly audit   picomatch: [ '2.3.1', '4.0.3' ],
400 silly audit   'possible-typed-array-names': [ '1.1.0' ],
400 silly audit   'prelude-ls': [ '1.2.1' ],
400 silly audit   'prop-types': [ '15.8.1' ],
400 silly audit   punycode: [ '2.3.1' ],
400 silly audit   'queue-microtask': [ '1.2.3' ],
400 silly audit   react: [ '19.1.0' ],
400 silly audit   'react-dom': [ '19.1.0' ],
400 silly audit   'react-is': [ '16.13.1', '19.2.0' ],
400 silly audit   'reflect.getprototypeof': [ '1.0.10' ],
400 silly audit   'regexp.prototype.flags': [ '1.5.4' ],
400 silly audit   'resolve-from': [ '4.0.0' ],
400 silly audit   'resolve-pkg-maps': [ '1.0.0' ],
400 silly audit   reusify: [ '1.1.0' ],
400 silly audit   'run-parallel': [ '1.2.0' ],
400 silly audit   'safe-array-concat': [ '1.1.3' ],
400 silly audit   'safe-push-apply': [ '1.0.0' ],
400 silly audit   'safe-regex-test': [ '1.1.0' ],
400 silly audit   scheduler: [ '0.26.0' ],
400 silly audit   'set-function-length': [ '1.2.2' ],
400 silly audit   'set-function-name': [ '2.0.2' ],
400 silly audit   'set-proto': [ '1.0.0' ],
400 silly audit   sharp: [ '0.34.4' ],
400 silly audit   'shebang-command': [ '2.0.0' ],
400 silly audit   'shebang-regex': [ '3.0.0' ],
400 silly audit   'side-channel': [ '1.1.0' ],
400 silly audit   'side-channel-list': [ '1.0.0' ],
400 silly audit   'side-channel-map': [ '1.0.1' ],
400 silly audit   'side-channel-weakmap': [ '1.0.2' ],
400 silly audit   'source-map-js': [ '1.2.1' ],
400 silly audit   'stable-hash': [ '0.0.5' ],
400 silly audit   'stop-iteration-iterator': [ '1.1.0' ],
400 silly audit   'string.prototype.includes': [ '2.0.1' ],
400 silly audit   'string.prototype.matchall': [ '4.0.12' ],
400 silly audit   'string.prototype.repeat': [ '1.0.0' ],
400 silly audit   'string.prototype.trim': [ '1.2.10' ],
400 silly audit   'string.prototype.trimend': [ '1.0.9' ],
400 silly audit   'string.prototype.trimstart': [ '1.0.8' ],
400 silly audit   'strip-bom': [ '3.0.0' ],
400 silly audit   'strip-json-comments': [ '3.1.1' ],
400 silly audit   'styled-jsx': [ '5.1.6' ],
400 silly audit   'supports-color': [ '7.2.0' ],
400 silly audit   'supports-preserve-symlinks-flag': [ '1.0.0' ],
400 silly audit   tailwindcss: [ '4.1.15' ],
400 silly audit   tapable: [ '2.3.0' ],
400 silly audit   tinyglobby: [ '0.2.15' ],
400 silly audit   fdir: [ '6.5.0' ],
400 silly audit   'to-regex-range': [ '5.0.1' ],
400 silly audit   'ts-api-utils': [ '2.1.0' ],
400 silly audit   'tsconfig-paths': [ '3.15.0' ],
400 silly audit   tslib: [ '2.8.1' ],
400 silly audit   'type-check': [ '0.4.0' ],
400 silly audit   'typed-array-buffer': [ '1.0.3' ],
400 silly audit   'typed-array-byte-length': [ '1.0.3' ],
400 silly audit   'typed-array-byte-offset': [ '1.0.4' ],
400 silly audit   'typed-array-length': [ '1.0.7' ],
400 silly audit   typescript: [ '5.9.3' ],
400 silly audit   'unbox-primitive': [ '1.1.0' ],
400 silly audit   'undici-types': [ '6.21.0' ],
400 silly audit   'unrs-resolver': [ '1.11.1' ],
400 silly audit   'uri-js': [ '4.4.1' ],
400 silly audit   which: [ '2.0.2' ],
400 silly audit   'which-boxed-primitive': [ '1.1.1' ],
400 silly audit   'which-builtin-type': [ '1.2.1' ],
400 silly audit   'which-collection': [ '1.0.2' ],
400 silly audit   'which-typed-array': [ '1.1.19' ],
400 silly audit   'word-wrap': [ '1.2.5' ],
400 silly audit   'yocto-queue': [ '0.1.0' ],
400 silly audit   '@emotion/react': [ '11.14.0' ],
400 silly audit   '@emotion/styled': [ '11.14.1' ],
400 silly audit   '@mui/icons-material': [ '7.3.4' ],
400 silly audit   '@mui/lab': [ '7.0.1-beta.18' ],
400 silly audit   '@mui/material': [ '7.3.4' ],
400 silly audit   '@babel/runtime': [ '7.28.4' ],
400 silly audit   '@emotion/babel-plugin': [ '11.13.5' ],
400 silly audit   '@emotion/cache': [ '11.14.0' ],
400 silly audit   '@emotion/serialize': [ '1.3.3' ],
400 silly audit   '@emotion/use-insertion-effect-with-fallbacks': [ '1.2.0' ],
400 silly audit   '@emotion/utils': [ '1.4.2' ],
400 silly audit   '@emotion/weak-memoize': [ '0.4.0' ],
400 silly audit   'hoist-non-react-statics': [ '3.3.2' ],
400 silly audit   '@babel/helper-module-imports': [ '7.27.1' ],
400 silly audit   '@emotion/hash': [ '0.9.2' ],
400 silly audit   '@emotion/memoize': [ '0.9.0' ],
400 silly audit   'babel-plugin-macros': [ '3.1.0' ],
400 silly audit   'convert-source-map': [ '1.9.0' ],
400 silly audit   'find-root': [ '1.1.0' ],
400 silly audit   'source-map': [ '0.5.7' ],
400 silly audit   stylis: [ '4.2.0' ],
400 silly audit   '@babel/traverse': [ '7.28.4' ],
400 silly audit   '@babel/types': [ '7.28.4' ],
400 silly audit   '@babel/code-frame': [ '7.27.1' ],
400 silly audit   '@babel/generator': [ '7.28.3' ],
400 silly audit   '@babel/helper-globals': [ '7.28.0' ],
400 silly audit   '@babel/parser': [ '7.28.4' ],
400 silly audit   '@babel/template': [ '7.27.2' ],
400 silly audit   '@babel/helper-validator-identifier': [ '7.27.1' ],
400 silly audit   jsesc: [ '3.1.0' ],
400 silly audit   '@babel/helper-string-parser': [ '7.27.1' ],
400 silly audit   '@emotion/sheet': [ '1.4.0' ],
400 silly audit   '@emotion/unitless': [ '0.10.0' ],
400 silly audit   '@emotion/is-prop-valid': [ '1.4.0' ],
400 silly audit   '@mui/system': [ '7.3.3' ],
400 silly audit   '@mui/types': [ '7.4.7' ],
400 silly audit   '@mui/utils': [ '7.3.3' ],
400 silly audit   clsx: [ '2.1.1' ],
400 silly audit   '@mui/core-downloads-tracker': [ '7.3.4' ],
400 silly audit   '@popperjs/core': [ '2.11.8' ],
400 silly audit   '@types/react-transition-group': [ '4.4.12' ],
400 silly audit   'react-transition-group': [ '4.4.5' ],
400 silly audit   '@mui/private-theming': [ '7.3.3' ],
400 silly audit   '@mui/styled-engine': [ '7.3.3' ],
400 silly audit   '@types/prop-types': [ '15.7.15' ],
400 silly audit   cosmiconfig: [ '7.1.0' ],
400 silly audit   '@types/parse-json': [ '4.0.2' ],
400 silly audit   'parse-json': [ '5.2.0' ],
400 silly audit   'path-type': [ '4.0.0' ],
400 silly audit   yaml: [ '1.10.2' ],
400 silly audit   'error-ex': [ '1.3.4' ],
400 silly audit   'json-parse-even-better-errors': [ '2.3.1' ],
400 silly audit   'lines-and-columns': [ '1.2.4' ],
400 silly audit   'is-arrayish': [ '0.2.1' ],
400 silly audit   'dom-helpers': [ '5.2.1' ],
400 silly audit   '@tailwindcss/oxide-wasm32-wasi': [ '4.1.15' ]
400 silly audit }
401 verbose reify failed optional dependency /Users/yumna/workspace/portfolio/node_modules/lightningcss-win32-x64-msvc
402 silly reify mark deleted [
402 silly reify   '/Users/yumna/workspace/portfolio/node_modules/lightningcss-win32-x64-msvc'
402 silly reify ]
403 verbose reify failed optional dependency /Users/yumna/workspace/portfolio/node_modules/lightningcss-win32-arm64-msvc
404 silly reify mark deleted [
404 silly reify   '/Users/yumna/workspace/portfolio/node_modules/lightningcss-win32-arm64-msvc'
404 silly reify ]
405 verbose reify failed optional dependency /Users/yumna/workspace/portfolio/node_modules/lightningcss-linux-x64-musl
406 silly reify mark deleted [
406 silly reify   '/Users/yumna/workspace/portfolio/node_modules/lightningcss-linux-x64-musl'
406 silly reify ]
407 verbose reify failed optional dependency /Users/yumna/workspace/portfolio/node_modules/lightningcss-linux-x64-gnu
408 silly reify mark deleted [
408 silly reify   '/Users/yumna/workspace/portfolio/node_modules/lightningcss-linux-x64-gnu'
408 silly reify ]
409 verbose reify failed optional dependency /Users/yumna/workspace/portfolio/node_modules/lightningcss-linux-arm64-musl
410 silly reify mark deleted [
410 silly reify   '/Users/yumna/workspace/portfolio/node_modules/lightningcss-linux-arm64-musl'
410 silly reify ]
411 verbose reify failed optional dependency /Users/yumna/workspace/portfolio/node_modules/lightningcss-linux-arm64-gnu
412 silly reify mark deleted [
412 silly reify   '/Users/yumna/workspace/portfolio/node_modules/lightningcss-linux-arm64-gnu'
412 silly reify ]
413 verbose reify failed optional dependency /Users/yumna/workspace/portfolio/node_modules/lightningcss-linux-arm-gnueabihf
414 silly reify mark deleted [
414 silly reify   '/Users/yumna/workspace/portfolio/node_modules/lightningcss-linux-arm-gnueabihf'
414 silly reify ]
415 verbose reify failed optional dependency /Users/yumna/workspace/portfolio/node_modules/lightningcss-freebsd-x64
416 silly reify mark deleted [
416 silly reify   '/Users/yumna/workspace/portfolio/node_modules/lightningcss-freebsd-x64'
416 silly reify ]
417 verbose reify failed optional dependency /Users/yumna/workspace/portfolio/node_modules/lightningcss-darwin-x64
418 silly reify mark deleted [
418 silly reify   '/Users/yumna/workspace/portfolio/node_modules/lightningcss-darwin-x64'
418 silly reify ]
419 verbose reify failed optional dependency /Users/yumna/workspace/portfolio/node_modules/lightningcss-android-arm64
420 silly reify mark deleted [
420 silly reify   '/Users/yumna/workspace/portfolio/node_modules/lightningcss-android-arm64'
420 silly reify ]
421 verbose reify failed optional dependency /Users/yumna/workspace/portfolio/node_modules/@unrs/resolver-binding-win32-x64-msvc
422 silly reify mark deleted [
422 silly reify   '/Users/yumna/workspace/portfolio/node_modules/@unrs/resolver-binding-win32-x64-msvc'
422 silly reify ]
423 verbose reify failed optional dependency /Users/yumna/workspace/portfolio/node_modules/@unrs/resolver-binding-win32-ia32-msvc
424 silly reify mark deleted [
424 silly reify   '/Users/yumna/workspace/portfolio/node_modules/@unrs/resolver-binding-win32-ia32-msvc'
424 silly reify ]
425 verbose reify failed optional dependency /Users/yumna/workspace/portfolio/node_modules/@unrs/resolver-binding-win32-arm64-msvc
426 silly reify mark deleted [
426 silly reify   '/Users/yumna/workspace/portfolio/node_modules/@unrs/resolver-binding-win32-arm64-msvc'
426 silly reify ]
427 verbose reify failed optional dependency /Users/yumna/workspace/portfolio/node_modules/@unrs/resolver-binding-wasm32-wasi
428 silly reify mark deleted [
428 silly reify   '/Users/yumna/workspace/portfolio/node_modules/@unrs/resolver-binding-wasm32-wasi'
428 silly reify ]
429 verbose reify failed optional dependency /Users/yumna/workspace/portfolio/node_modules/@unrs/resolver-binding-linux-x64-musl
430 silly reify mark deleted [
430 silly reify   '/Users/yumna/workspace/portfolio/node_modules/@unrs/resolver-binding-linux-x64-musl'
430 silly reify ]
431 verbose reify failed optional dependency /Users/yumna/workspace/portfolio/node_modules/@unrs/resolver-binding-linux-x64-gnu
432 silly reify mark deleted [
432 silly reify   '/Users/yumna/workspace/portfolio/node_modules/@unrs/resolver-binding-linux-x64-gnu'
432 silly reify ]
433 verbose reify failed optional dependency /Users/yumna/workspace/portfolio/node_modules/@unrs/resolver-binding-linux-s390x-gnu
434 silly reify mark deleted [
434 silly reify   '/Users/yumna/workspace/portfolio/node_modules/@unrs/resolver-binding-linux-s390x-gnu'
434 silly reify ]
435 verbose reify failed optional dependency /Users/yumna/workspace/portfolio/node_modules/@unrs/resolver-binding-linux-riscv64-musl
436 silly reify mark deleted [
436 silly reify   '/Users/yumna/workspace/portfolio/node_modules/@unrs/resolver-binding-linux-riscv64-musl'
436 silly reify ]
437 verbose reify failed optional dependency /Users/yumna/workspace/portfolio/node_modules/@unrs/resolver-binding-linux-riscv64-gnu
438 silly reify mark deleted [
438 silly reify   '/Users/yumna/workspace/portfolio/node_modules/@unrs/resolver-binding-linux-riscv64-gnu'
438 silly reify ]
439 verbose reify failed optional dependency /Users/yumna/workspace/portfolio/node_modules/@unrs/resolver-binding-linux-ppc64-gnu
440 silly reify mark deleted [
440 silly reify   '/Users/yumna/workspace/portfolio/node_modules/@unrs/resolver-binding-linux-ppc64-gnu'
440 silly reify ]
441 verbose reify failed optional dependency /Users/yumna/workspace/portfolio/node_modules/@unrs/resolver-binding-linux-arm64-musl
442 silly reify mark deleted [
442 silly reify   '/Users/yumna/workspace/portfolio/node_modules/@unrs/resolver-binding-linux-arm64-musl'
442 silly reify ]
443 verbose reify failed optional dependency /Users/yumna/workspace/portfolio/node_modules/@unrs/resolver-binding-linux-arm64-gnu
444 silly reify mark deleted [
444 silly reify   '/Users/yumna/workspace/portfolio/node_modules/@unrs/resolver-binding-linux-arm64-gnu'
444 silly reify ]
445 verbose reify failed optional dependency /Users/yumna/workspace/portfolio/node_modules/@unrs/resolver-binding-linux-arm-musleabihf
446 silly reify mark deleted [
446 silly reify   '/Users/yumna/workspace/portfolio/node_modules/@unrs/resolver-binding-linux-arm-musleabihf'
446 silly reify ]
447 verbose reify failed optional dependency /Users/yumna/workspace/portfolio/node_modules/@unrs/resolver-binding-linux-arm-gnueabihf
448 silly reify mark deleted [
448 silly reify   '/Users/yumna/workspace/portfolio/node_modules/@unrs/resolver-binding-linux-arm-gnueabihf'
448 silly reify ]
449 verbose reify failed optional dependency /Users/yumna/workspace/portfolio/node_modules/@unrs/resolver-binding-freebsd-x64
450 silly reify mark deleted [
450 silly reify   '/Users/yumna/workspace/portfolio/node_modules/@unrs/resolver-binding-freebsd-x64'
450 silly reify ]
451 verbose reify failed optional dependency /Users/yumna/workspace/portfolio/node_modules/@unrs/resolver-binding-darwin-x64
452 silly reify mark deleted [
452 silly reify   '/Users/yumna/workspace/portfolio/node_modules/@unrs/resolver-binding-darwin-x64'
452 silly reify ]
453 verbose reify failed optional dependency /Users/yumna/workspace/portfolio/node_modules/@unrs/resolver-binding-android-arm64
454 silly reify mark deleted [
454 silly reify   '/Users/yumna/workspace/portfolio/node_modules/@unrs/resolver-binding-android-arm64'
454 silly reify ]
455 verbose reify failed optional dependency /Users/yumna/workspace/portfolio/node_modules/@unrs/resolver-binding-android-arm-eabi
456 silly reify mark deleted [
456 silly reify   '/Users/yumna/workspace/portfolio/node_modules/@unrs/resolver-binding-android-arm-eabi'
456 silly reify ]
457 verbose reify failed optional dependency /Users/yumna/workspace/portfolio/node_modules/@tailwindcss/oxide-win32-x64-msvc
458 silly reify mark deleted [
458 silly reify   '/Users/yumna/workspace/portfolio/node_modules/@tailwindcss/oxide-win32-x64-msvc'
458 silly reify ]
459 verbose reify failed optional dependency /Users/yumna/workspace/portfolio/node_modules/@tailwindcss/oxide-win32-arm64-msvc
460 silly reify mark deleted [
460 silly reify   '/Users/yumna/workspace/portfolio/node_modules/@tailwindcss/oxide-win32-arm64-msvc'
460 silly reify ]
461 verbose reify failed optional dependency /Users/yumna/workspace/portfolio/node_modules/@tailwindcss/oxide-linux-x64-musl
462 silly reify mark deleted [
462 silly reify   '/Users/yumna/workspace/portfolio/node_modules/@tailwindcss/oxide-linux-x64-musl'
462 silly reify ]
463 verbose reify failed optional dependency /Users/yumna/workspace/portfolio/node_modules/@tailwindcss/oxide-linux-x64-gnu
464 silly reify mark deleted [
464 silly reify   '/Users/yumna/workspace/portfolio/node_modules/@tailwindcss/oxide-linux-x64-gnu'
464 silly reify ]
465 verbose reify failed optional dependency /Users/yumna/workspace/portfolio/node_modules/@tailwindcss/oxide-linux-arm64-musl
466 silly reify mark deleted [
466 silly reify   '/Users/yumna/workspace/portfolio/node_modules/@tailwindcss/oxide-linux-arm64-musl'
466 silly reify ]
467 verbose reify failed optional dependency /Users/yumna/workspace/portfolio/node_modules/@tailwindcss/oxide-linux-arm64-gnu
468 silly reify mark deleted [
468 silly reify   '/Users/yumna/workspace/portfolio/node_modules/@tailwindcss/oxide-linux-arm64-gnu'
468 silly reify ]
469 verbose reify failed optional dependency /Users/yumna/workspace/portfolio/node_modules/@tailwindcss/oxide-linux-arm-gnueabihf
470 silly reify mark deleted [
470 silly reify   '/Users/yumna/workspace/portfolio/node_modules/@tailwindcss/oxide-linux-arm-gnueabihf'
470 silly reify ]
471 verbose reify failed optional dependency /Users/yumna/workspace/portfolio/node_modules/@tailwindcss/oxide-freebsd-x64
472 silly reify mark deleted [
472 silly reify   '/Users/yumna/workspace/portfolio/node_modules/@tailwindcss/oxide-freebsd-x64'
472 silly reify ]
473 verbose reify failed optional dependency /Users/yumna/workspace/portfolio/node_modules/@tailwindcss/oxide-darwin-x64
474 silly reify mark deleted [
474 silly reify   '/Users/yumna/workspace/portfolio/node_modules/@tailwindcss/oxide-darwin-x64'
474 silly reify ]
475 verbose reify failed optional dependency /Users/yumna/workspace/portfolio/node_modules/@tailwindcss/oxide-android-arm64
476 silly reify mark deleted [
476 silly reify   '/Users/yumna/workspace/portfolio/node_modules/@tailwindcss/oxide-android-arm64'
476 silly reify ]
477 verbose reify failed optional dependency /Users/yumna/workspace/portfolio/node_modules/@next/swc-win32-x64-msvc
478 silly reify mark deleted [
478 silly reify   '/Users/yumna/workspace/portfolio/node_modules/@next/swc-win32-x64-msvc'
478 silly reify ]
479 verbose reify failed optional dependency /Users/yumna/workspace/portfolio/node_modules/@next/swc-win32-arm64-msvc
480 silly reify mark deleted [
480 silly reify   '/Users/yumna/workspace/portfolio/node_modules/@next/swc-win32-arm64-msvc'
480 silly reify ]
481 verbose reify failed optional dependency /Users/yumna/workspace/portfolio/node_modules/@next/swc-linux-x64-musl
482 silly reify mark deleted [
482 silly reify   '/Users/yumna/workspace/portfolio/node_modules/@next/swc-linux-x64-musl'
482 silly reify ]
483 verbose reify failed optional dependency /Users/yumna/workspace/portfolio/node_modules/@next/swc-linux-x64-gnu
484 silly reify mark deleted [
484 silly reify   '/Users/yumna/workspace/portfolio/node_modules/@next/swc-linux-x64-gnu'
484 silly reify ]
485 verbose reify failed optional dependency /Users/yumna/workspace/portfolio/node_modules/@next/swc-linux-arm64-musl
486 silly reify mark deleted [
486 silly reify   '/Users/yumna/workspace/portfolio/node_modules/@next/swc-linux-arm64-musl'
486 silly reify ]
487 verbose reify failed optional dependency /Users/yumna/workspace/portfolio/node_modules/@next/swc-linux-arm64-gnu
488 silly reify mark deleted [
488 silly reify   '/Users/yumna/workspace/portfolio/node_modules/@next/swc-linux-arm64-gnu'
488 silly reify ]
489 verbose reify failed optional dependency /Users/yumna/workspace/portfolio/node_modules/@next/swc-darwin-x64
490 silly reify mark deleted [
490 silly reify   '/Users/yumna/workspace/portfolio/node_modules/@next/swc-darwin-x64'
490 silly reify ]
491 verbose reify failed optional dependency /Users/yumna/workspace/portfolio/node_modules/@img/sharp-win32-x64
492 silly reify mark deleted [
492 silly reify   '/Users/yumna/workspace/portfolio/node_modules/@img/sharp-win32-x64'
492 silly reify ]
493 verbose reify failed optional dependency /Users/yumna/workspace/portfolio/node_modules/@img/sharp-win32-ia32
494 silly reify mark deleted [
494 silly reify   '/Users/yumna/workspace/portfolio/node_modules/@img/sharp-win32-ia32'
494 silly reify ]
495 verbose reify failed optional dependency /Users/yumna/workspace/portfolio/node_modules/@img/sharp-win32-arm64
496 silly reify mark deleted [
496 silly reify   '/Users/yumna/workspace/portfolio/node_modules/@img/sharp-win32-arm64'
496 silly reify ]
497 verbose reify failed optional dependency /Users/yumna/workspace/portfolio/node_modules/@img/sharp-wasm32
498 silly reify mark deleted [ '/Users/yumna/workspace/portfolio/node_modules/@img/sharp-wasm32' ]
499 verbose reify failed optional dependency /Users/yumna/workspace/portfolio/node_modules/@img/sharp-linuxmusl-x64
500 silly reify mark deleted [
500 silly reify   '/Users/yumna/workspace/portfolio/node_modules/@img/sharp-linuxmusl-x64'
500 silly reify ]
501 verbose reify failed optional dependency /Users/yumna/workspace/portfolio/node_modules/@img/sharp-linuxmusl-arm64
502 silly reify mark deleted [
502 silly reify   '/Users/yumna/workspace/portfolio/node_modules/@img/sharp-linuxmusl-arm64'
502 silly reify ]
503 verbose reify failed optional dependency /Users/yumna/workspace/portfolio/node_modules/@img/sharp-linux-x64
504 silly reify mark deleted [
504 silly reify   '/Users/yumna/workspace/portfolio/node_modules/@img/sharp-linux-x64'
504 silly reify ]
505 verbose reify failed optional dependency /Users/yumna/workspace/portfolio/node_modules/@img/sharp-linux-s390x
506 silly reify mark deleted [
506 silly reify   '/Users/yumna/workspace/portfolio/node_modules/@img/sharp-linux-s390x'
506 silly reify ]
507 verbose reify failed optional dependency /Users/yumna/workspace/portfolio/node_modules/@img/sharp-linux-ppc64
508 silly reify mark deleted [
508 silly reify   '/Users/yumna/workspace/portfolio/node_modules/@img/sharp-linux-ppc64'
508 silly reify ]
509 verbose reify failed optional dependency /Users/yumna/workspace/portfolio/node_modules/@img/sharp-linux-arm64
510 silly reify mark deleted [
510 silly reify   '/Users/yumna/workspace/portfolio/node_modules/@img/sharp-linux-arm64'
510 silly reify ]
511 verbose reify failed optional dependency /Users/yumna/workspace/portfolio/node_modules/@img/sharp-linux-arm
512 silly reify mark deleted [
512 silly reify   '/Users/yumna/workspace/portfolio/node_modules/@img/sharp-linux-arm'
512 silly reify ]
513 verbose reify failed optional dependency /Users/yumna/workspace/portfolio/node_modules/@img/sharp-libvips-linuxmusl-x64
514 silly reify mark deleted [
514 silly reify   '/Users/yumna/workspace/portfolio/node_modules/@img/sharp-libvips-linuxmusl-x64'
514 silly reify ]
515 verbose reify failed optional dependency /Users/yumna/workspace/portfolio/node_modules/@img/sharp-libvips-linuxmusl-arm64
516 silly reify mark deleted [
516 silly reify   '/Users/yumna/workspace/portfolio/node_modules/@img/sharp-libvips-linuxmusl-arm64'
516 silly reify ]
517 verbose reify failed optional dependency /Users/yumna/workspace/portfolio/node_modules/@img/sharp-libvips-linux-x64
518 silly reify mark deleted [
518 silly reify   '/Users/yumna/workspace/portfolio/node_modules/@img/sharp-libvips-linux-x64'
518 silly reify ]
519 verbose reify failed optional dependency /Users/yumna/workspace/portfolio/node_modules/@img/sharp-libvips-linux-s390x
520 silly reify mark deleted [
520 silly reify   '/Users/yumna/workspace/portfolio/node_modules/@img/sharp-libvips-linux-s390x'
520 silly reify ]
521 verbose reify failed optional dependency /Users/yumna/workspace/portfolio/node_modules/@img/sharp-libvips-linux-ppc64
522 silly reify mark deleted [
522 silly reify   '/Users/yumna/workspace/portfolio/node_modules/@img/sharp-libvips-linux-ppc64'
522 silly reify ]
523 verbose reify failed optional dependency /Users/yumna/workspace/portfolio/node_modules/@img/sharp-libvips-linux-arm64
524 silly reify mark deleted [
524 silly reify   '/Users/yumna/workspace/portfolio/node_modules/@img/sharp-libvips-linux-arm64'
524 silly reify ]
525 verbose reify failed optional dependency /Users/yumna/workspace/portfolio/node_modules/@img/sharp-libvips-linux-arm
526 silly reify mark deleted [
526 silly reify   '/Users/yumna/workspace/portfolio/node_modules/@img/sharp-libvips-linux-arm'
526 silly reify ]
527 verbose reify failed optional dependency /Users/yumna/workspace/portfolio/node_modules/@img/sharp-libvips-darwin-x64
528 silly reify mark deleted [
528 silly reify   '/Users/yumna/workspace/portfolio/node_modules/@img/sharp-libvips-darwin-x64'
528 silly reify ]
529 verbose reify failed optional dependency /Users/yumna/workspace/portfolio/node_modules/@img/sharp-darwin-x64
530 silly reify mark deleted [
530 silly reify   '/Users/yumna/workspace/portfolio/node_modules/@img/sharp-darwin-x64'
530 silly reify ]
531 http cache dom-helpers@https://registry.npmjs.org/dom-helpers/-/dom-helpers-5.2.1.tgz 0ms (cache hit)
532 http cache lines-and-columns@https://registry.npmjs.org/lines-and-columns/-/lines-and-columns-1.2.4.tgz 0ms (cache hit)
533 http cache is-arrayish@https://registry.npmjs.org/is-arrayish/-/is-arrayish-0.2.1.tgz 0ms (cache hit)
534 http cache json-parse-even-better-errors@https://registry.npmjs.org/json-parse-even-better-errors/-/json-parse-even-better-errors-2.3.1.tgz 0ms (cache hit)
535 http cache error-ex@https://registry.npmjs.org/error-ex/-/error-ex-1.3.4.tgz 0ms (cache hit)
536 http cache yaml@https://registry.npmjs.org/yaml/-/yaml-1.10.2.tgz 0ms (cache hit)
537 http cache path-type@https://registry.npmjs.org/path-type/-/path-type-4.0.0.tgz 0ms (cache hit)
538 http cache parse-json@https://registry.npmjs.org/parse-json/-/parse-json-5.2.0.tgz 0ms (cache hit)
539 http cache cosmiconfig@https://registry.npmjs.org/cosmiconfig/-/cosmiconfig-7.1.0.tgz 0ms (cache hit)
540 http cache @mui/styled-engine@https://registry.npmjs.org/@mui/styled-engine/-/styled-engine-7.3.3.tgz 0ms (cache hit)
541 http cache @types/prop-types@https://registry.npmjs.org/@types/prop-types/-/prop-types-15.7.15.tgz 0ms (cache hit)
542 http cache @types/parse-json@https://registry.npmjs.org/@types/parse-json/-/parse-json-4.0.2.tgz 0ms (cache hit)
543 http cache @mui/private-theming@https://registry.npmjs.org/@mui/private-theming/-/private-theming-7.3.3.tgz 0ms (cache hit)
544 http cache react-transition-group@https://registry.npmjs.org/react-transition-group/-/react-transition-group-4.4.5.tgz 0ms (cache hit)
545 http cache @mui/core-downloads-tracker@https://registry.npmjs.org/@mui/core-downloads-tracker/-/core-downloads-tracker-7.3.4.tgz 0ms (cache hit)
546 http cache @popperjs/core@https://registry.npmjs.org/@popperjs/core/-/core-2.11.8.tgz 0ms (cache hit)
547 http cache clsx@https://registry.npmjs.org/clsx/-/clsx-2.1.1.tgz 0ms (cache hit)
548 http cache @mui/utils@https://registry.npmjs.org/@mui/utils/-/utils-7.3.3.tgz 0ms (cache hit)
549 http cache @mui/system@https://registry.npmjs.org/@mui/system/-/system-7.3.3.tgz 0ms (cache hit)
550 http cache @mui/types@https://registry.npmjs.org/@mui/types/-/types-7.4.7.tgz 0ms (cache hit)
551 http cache @emotion/is-prop-valid@https://registry.npmjs.org/@emotion/is-prop-valid/-/is-prop-valid-1.4.0.tgz 0ms (cache hit)
552 http cache @emotion/unitless@https://registry.npmjs.org/@emotion/unitless/-/unitless-0.10.0.tgz 0ms (cache hit)
553 http cache @emotion/sheet@https://registry.npmjs.org/@emotion/sheet/-/sheet-1.4.0.tgz 0ms (cache hit)
554 http cache @babel/helper-string-parser@https://registry.npmjs.org/@babel/helper-string-parser/-/helper-string-parser-7.27.1.tgz 0ms (cache hit)
555 http cache jsesc@https://registry.npmjs.org/jsesc/-/jsesc-3.1.0.tgz 0ms (cache hit)
556 http cache @babel/template@https://registry.npmjs.org/@babel/template/-/template-7.27.2.tgz 0ms (cache hit)
557 http cache @babel/helper-validator-identifier@https://registry.npmjs.org/@babel/helper-validator-identifier/-/helper-validator-identifier-7.27.1.tgz 0ms (cache hit)
558 http cache @babel/parser@https://registry.npmjs.org/@babel/parser/-/parser-7.28.4.tgz 0ms (cache hit)
559 http cache @babel/helper-globals@https://registry.npmjs.org/@babel/helper-globals/-/helper-globals-7.28.0.tgz 0ms (cache hit)
560 http cache @babel/generator@https://registry.npmjs.org/@babel/generator/-/generator-7.28.3.tgz 0ms (cache hit)
561 http cache @babel/code-frame@https://registry.npmjs.org/@babel/code-frame/-/code-frame-7.27.1.tgz 0ms (cache hit)
562 http cache @babel/types@https://registry.npmjs.org/@babel/types/-/types-7.28.4.tgz 0ms (cache hit)
563 http cache @babel/traverse@https://registry.npmjs.org/@babel/traverse/-/traverse-7.28.4.tgz 0ms (cache hit)
564 http cache stylis@https://registry.npmjs.org/stylis/-/stylis-4.2.0.tgz 0ms (cache hit)
565 http cache find-root@https://registry.npmjs.org/find-root/-/find-root-1.1.0.tgz 0ms (cache hit)
566 http cache source-map@https://registry.npmjs.org/source-map/-/source-map-0.5.7.tgz 0ms (cache hit)
567 http cache convert-source-map@https://registry.npmjs.org/convert-source-map/-/convert-source-map-1.9.0.tgz 0ms (cache hit)
568 http cache babel-plugin-macros@https://registry.npmjs.org/babel-plugin-macros/-/babel-plugin-macros-3.1.0.tgz 0ms (cache hit)
569 http cache @emotion/memoize@https://registry.npmjs.org/@emotion/memoize/-/memoize-0.9.0.tgz 0ms (cache hit)
570 http cache @emotion/hash@https://registry.npmjs.org/@emotion/hash/-/hash-0.9.2.tgz 0ms (cache hit)
571 http cache @babel/helper-module-imports@https://registry.npmjs.org/@babel/helper-module-imports/-/helper-module-imports-7.27.1.tgz 0ms (cache hit)
572 http cache hoist-non-react-statics@https://registry.npmjs.org/hoist-non-react-statics/-/hoist-non-react-statics-3.3.2.tgz 0ms (cache hit)
573 http cache @emotion/weak-memoize@https://registry.npmjs.org/@emotion/weak-memoize/-/weak-memoize-0.4.0.tgz 0ms (cache hit)
574 http cache @emotion/utils@https://registry.npmjs.org/@emotion/utils/-/utils-1.4.2.tgz 0ms (cache hit)
575 http cache @emotion/use-insertion-effect-with-fallbacks@https://registry.npmjs.org/@emotion/use-insertion-effect-with-fallbacks/-/use-insertion-effect-with-fallbacks-1.2.0.tgz 0ms (cache hit)
576 http cache @emotion/serialize@https://registry.npmjs.org/@emotion/serialize/-/serialize-1.3.3.tgz 0ms (cache hit)
577 http cache @emotion/cache@https://registry.npmjs.org/@emotion/cache/-/cache-11.14.0.tgz 0ms (cache hit)
578 http cache @babel/runtime@https://registry.npmjs.org/@babel/runtime/-/runtime-7.28.4.tgz 0ms (cache hit)
579 http cache @emotion/babel-plugin@https://registry.npmjs.org/@emotion/babel-plugin/-/babel-plugin-11.13.5.tgz 0ms (cache hit)
580 http cache @mui/material@https://registry.npmjs.org/@mui/material/-/material-7.3.4.tgz 0ms (cache hit)
581 http cache @mui/lab@https://registry.npmjs.org/@mui/lab/-/lab-7.0.1-beta.18.tgz 0ms (cache hit)
582 http cache @mui/icons-material@https://registry.npmjs.org/@mui/icons-material/-/icons-material-7.3.4.tgz 0ms (cache hit)
583 http cache @emotion/styled@https://registry.npmjs.org/@emotion/styled/-/styled-11.14.1.tgz 0ms (cache hit)
584 http cache @emotion/react@https://registry.npmjs.org/@emotion/react/-/react-11.14.0.tgz 0ms (cache hit)
585 http cache react-is@https://registry.npmjs.org/react-is/-/react-is-19.2.0.tgz 0ms (cache hit)
586 http cache react-is@https://registry.npmjs.org/react-is/-/react-is-19.2.0.tgz 0ms (cache hit)
587 http cache @types/react-transition-group@https://registry.npmjs.org/@types/react-transition-group/-/react-transition-group-4.4.12.tgz 0ms (cache hit)
588 silly tarball no local data for dom-helpers@https://registry.npmjs.org/dom-helpers/-/dom-helpers-5.2.1.tgz. Extracting by manifest.
589 silly tarball no local data for lines-and-columns@https://registry.npmjs.org/lines-and-columns/-/lines-and-columns-1.2.4.tgz. Extracting by manifest.
590 silly tarball no local data for is-arrayish@https://registry.npmjs.org/is-arrayish/-/is-arrayish-0.2.1.tgz. Extracting by manifest.
591 silly tarball no local data for json-parse-even-better-errors@https://registry.npmjs.org/json-parse-even-better-errors/-/json-parse-even-better-errors-2.3.1.tgz. Extracting by manifest.
592 silly tarball no local data for error-ex@https://registry.npmjs.org/error-ex/-/error-ex-1.3.4.tgz. Extracting by manifest.
593 silly tarball no local data for yaml@https://registry.npmjs.org/yaml/-/yaml-1.10.2.tgz. Extracting by manifest.
594 silly tarball no local data for path-type@https://registry.npmjs.org/path-type/-/path-type-4.0.0.tgz. Extracting by manifest.
595 silly tarball no local data for parse-json@https://registry.npmjs.org/parse-json/-/parse-json-5.2.0.tgz. Extracting by manifest.
596 silly tarball no local data for cosmiconfig@https://registry.npmjs.org/cosmiconfig/-/cosmiconfig-7.1.0.tgz. Extracting by manifest.
597 silly tarball no local data for @mui/styled-engine@https://registry.npmjs.org/@mui/styled-engine/-/styled-engine-7.3.3.tgz. Extracting by manifest.
598 silly tarball no local data for @types/prop-types@https://registry.npmjs.org/@types/prop-types/-/prop-types-15.7.15.tgz. Extracting by manifest.
599 silly tarball no local data for @types/parse-json@https://registry.npmjs.org/@types/parse-json/-/parse-json-4.0.2.tgz. Extracting by manifest.
600 silly tarball no local data for @mui/private-theming@https://registry.npmjs.org/@mui/private-theming/-/private-theming-7.3.3.tgz. Extracting by manifest.
601 silly tarball no local data for react-transition-group@https://registry.npmjs.org/react-transition-group/-/react-transition-group-4.4.5.tgz. Extracting by manifest.
602 silly tarball no local data for @mui/core-downloads-tracker@https://registry.npmjs.org/@mui/core-downloads-tracker/-/core-downloads-tracker-7.3.4.tgz. Extracting by manifest.
603 silly tarball no local data for @popperjs/core@https://registry.npmjs.org/@popperjs/core/-/core-2.11.8.tgz. Extracting by manifest.
604 silly tarball no local data for clsx@https://registry.npmjs.org/clsx/-/clsx-2.1.1.tgz. Extracting by manifest.
605 silly tarball no local data for @mui/utils@https://registry.npmjs.org/@mui/utils/-/utils-7.3.3.tgz. Extracting by manifest.
606 silly tarball no local data for @mui/system@https://registry.npmjs.org/@mui/system/-/system-7.3.3.tgz. Extracting by manifest.
607 silly tarball no local data for @mui/types@https://registry.npmjs.org/@mui/types/-/types-7.4.7.tgz. Extracting by manifest.
608 silly tarball no local data for @emotion/is-prop-valid@https://registry.npmjs.org/@emotion/is-prop-valid/-/is-prop-valid-1.4.0.tgz. Extracting by manifest.
609 silly tarball no local data for @emotion/unitless@https://registry.npmjs.org/@emotion/unitless/-/unitless-0.10.0.tgz. Extracting by manifest.
610 silly tarball no local data for @emotion/sheet@https://registry.npmjs.org/@emotion/sheet/-/sheet-1.4.0.tgz. Extracting by manifest.
611 silly tarball no local data for @babel/helper-string-parser@https://registry.npmjs.org/@babel/helper-string-parser/-/helper-string-parser-7.27.1.tgz. Extracting by manifest.
612 silly tarball no local data for jsesc@https://registry.npmjs.org/jsesc/-/jsesc-3.1.0.tgz. Extracting by manifest.
613 silly tarball no local data for @babel/template@https://registry.npmjs.org/@babel/template/-/template-7.27.2.tgz. Extracting by manifest.
614 silly tarball no local data for @babel/helper-validator-identifier@https://registry.npmjs.org/@babel/helper-validator-identifier/-/helper-validator-identifier-7.27.1.tgz. Extracting by manifest.
615 silly tarball no local data for @babel/parser@https://registry.npmjs.org/@babel/parser/-/parser-7.28.4.tgz. Extracting by manifest.
616 silly tarball no local data for @babel/helper-globals@https://registry.npmjs.org/@babel/helper-globals/-/helper-globals-7.28.0.tgz. Extracting by manifest.
617 silly tarball no local data for @babel/generator@https://registry.npmjs.org/@babel/generator/-/generator-7.28.3.tgz. Extracting by manifest.
618 silly tarball no local data for @babel/code-frame@https://registry.npmjs.org/@babel/code-frame/-/code-frame-7.27.1.tgz. Extracting by manifest.
619 silly tarball no local data for @babel/types@https://registry.npmjs.org/@babel/types/-/types-7.28.4.tgz. Extracting by manifest.
620 silly tarball no local data for @babel/traverse@https://registry.npmjs.org/@babel/traverse/-/traverse-7.28.4.tgz. Extracting by manifest.
621 silly tarball no local data for stylis@https://registry.npmjs.org/stylis/-/stylis-4.2.0.tgz. Extracting by manifest.
622 silly tarball no local data for find-root@https://registry.npmjs.org/find-root/-/find-root-1.1.0.tgz. Extracting by manifest.
623 silly tarball no local data for source-map@https://registry.npmjs.org/source-map/-/source-map-0.5.7.tgz. Extracting by manifest.
624 silly tarball no local data for convert-source-map@https://registry.npmjs.org/convert-source-map/-/convert-source-map-1.9.0.tgz. Extracting by manifest.
625 silly tarball no local data for babel-plugin-macros@https://registry.npmjs.org/babel-plugin-macros/-/babel-plugin-macros-3.1.0.tgz. Extracting by manifest.
626 silly tarball no local data for @emotion/memoize@https://registry.npmjs.org/@emotion/memoize/-/memoize-0.9.0.tgz. Extracting by manifest.
627 silly tarball no local data for @emotion/hash@https://registry.npmjs.org/@emotion/hash/-/hash-0.9.2.tgz. Extracting by manifest.
628 silly tarball no local data for @babel/helper-module-imports@https://registry.npmjs.org/@babel/helper-module-imports/-/helper-module-imports-7.27.1.tgz. Extracting by manifest.
629 silly tarball no local data for hoist-non-react-statics@https://registry.npmjs.org/hoist-non-react-statics/-/hoist-non-react-statics-3.3.2.tgz. Extracting by manifest.
630 silly tarball no local data for @emotion/weak-memoize@https://registry.npmjs.org/@emotion/weak-memoize/-/weak-memoize-0.4.0.tgz. Extracting by manifest.
631 silly tarball no local data for @emotion/utils@https://registry.npmjs.org/@emotion/utils/-/utils-1.4.2.tgz. Extracting by manifest.
632 silly tarball no local data for @emotion/use-insertion-effect-with-fallbacks@https://registry.npmjs.org/@emotion/use-insertion-effect-with-fallbacks/-/use-insertion-effect-with-fallbacks-1.2.0.tgz. Extracting by manifest.
633 silly tarball no local data for @emotion/serialize@https://registry.npmjs.org/@emotion/serialize/-/serialize-1.3.3.tgz. Extracting by manifest.
634 silly tarball no local data for @emotion/cache@https://registry.npmjs.org/@emotion/cache/-/cache-11.14.0.tgz. Extracting by manifest.
635 silly tarball no local data for @babel/runtime@https://registry.npmjs.org/@babel/runtime/-/runtime-7.28.4.tgz. Extracting by manifest.
636 silly tarball no local data for @emotion/babel-plugin@https://registry.npmjs.org/@emotion/babel-plugin/-/babel-plugin-11.13.5.tgz. Extracting by manifest.
637 silly tarball no local data for @mui/material@https://registry.npmjs.org/@mui/material/-/material-7.3.4.tgz. Extracting by manifest.
638 silly tarball no local data for @mui/lab@https://registry.npmjs.org/@mui/lab/-/lab-7.0.1-beta.18.tgz. Extracting by manifest.
639 silly tarball no local data for @mui/icons-material@https://registry.npmjs.org/@mui/icons-material/-/icons-material-7.3.4.tgz. Extracting by manifest.
640 silly tarball no local data for @emotion/styled@https://registry.npmjs.org/@emotion/styled/-/styled-11.14.1.tgz. Extracting by manifest.
641 silly tarball no local data for @emotion/react@https://registry.npmjs.org/@emotion/react/-/react-11.14.0.tgz. Extracting by manifest.
642 silly tarball no local data for react-is@https://registry.npmjs.org/react-is/-/react-is-19.2.0.tgz. Extracting by manifest.
643 silly tarball no local data for react-is@https://registry.npmjs.org/react-is/-/react-is-19.2.0.tgz. Extracting by manifest.
644 silly tarball no local data for @types/react-transition-group@https://registry.npmjs.org/@types/react-transition-group/-/react-transition-group-4.4.12.tgz. Extracting by manifest.
645 http fetch GET 200 https://registry.npmjs.org/lines-and-columns/-/lines-and-columns-1.2.4.tgz 207ms (cache miss)
646 http fetch GET 200 https://registry.npmjs.org/is-arrayish/-/is-arrayish-0.2.1.tgz 227ms (cache miss)
647 http fetch GET 200 https://registry.npmjs.org/error-ex/-/error-ex-1.3.4.tgz 229ms (cache miss)
648 http fetch GET 200 https://registry.npmjs.org/json-parse-even-better-errors/-/json-parse-even-better-errors-2.3.1.tgz 229ms (cache miss)
649 http fetch GET 200 https://registry.npmjs.org/dom-helpers/-/dom-helpers-5.2.1.tgz 255ms (cache miss)
650 http fetch GET 200 https://registry.npmjs.org/yaml/-/yaml-1.10.2.tgz 322ms (cache miss)
651 http fetch GET 200 https://registry.npmjs.org/@mui/core-downloads-tracker/-/core-downloads-tracker-7.3.4.tgz 365ms (cache miss)
652 http fetch GET 200 https://registry.npmjs.org/clsx/-/clsx-2.1.1.tgz 381ms (cache miss)
653 http fetch POST 200 https://registry.npmjs.org/-/npm/v1/security/advisories/bulk 417ms
654 silly audit report {}
655 http fetch GET 200 https://registry.npmjs.org/@mui/utils/-/utils-7.3.3.tgz 723ms (cache miss)
656 http fetch GET 200 https://registry.npmjs.org/@popperjs/core/-/core-2.11.8.tgz 1102ms (cache miss)
657 http fetch GET 200 https://registry.npmjs.org/@mui/types/-/types-7.4.7.tgz 1147ms (cache miss)
658 http fetch GET 200 https://registry.npmjs.org/@emotion/is-prop-valid/-/is-prop-valid-1.4.0.tgz 1153ms (cache miss)
659 http fetch GET 200 https://registry.npmjs.org/@emotion/unitless/-/unitless-0.10.0.tgz 1160ms (cache miss)
660 http fetch GET 200 https://registry.npmjs.org/@emotion/sheet/-/sheet-1.4.0.tgz 1160ms (cache miss)
661 http fetch GET 200 https://registry.npmjs.org/@mui/system/-/system-7.3.3.tgz 1165ms (cache miss)
662 http fetch GET 200 https://registry.npmjs.org/@babel/helper-string-parser/-/helper-string-parser-7.27.1.tgz 1173ms (cache miss)
663 http fetch GET 200 https://registry.npmjs.org/@types/parse-json/-/parse-json-4.0.2.tgz 1200ms (cache miss)
664 http fetch GET 200 https://registry.npmjs.org/@types/prop-types/-/prop-types-15.7.15.tgz 1233ms (cache miss)
665 http fetch GET 200 https://registry.npmjs.org/parse-json/-/parse-json-5.2.0.tgz 1233ms (cache miss)
666 http fetch GET 200 https://registry.npmjs.org/cosmiconfig/-/cosmiconfig-7.1.0.tgz 1236ms (cache miss)
667 http fetch GET 200 https://registry.npmjs.org/jsesc/-/jsesc-3.1.0.tgz 1435ms (cache miss)
668 http fetch GET 200 https://registry.npmjs.org/path-type/-/path-type-4.0.0.tgz 1447ms (cache miss)
669 http fetch GET 200 https://registry.npmjs.org/@mui/private-theming/-/private-theming-7.3.3.tgz 1460ms (cache miss)
670 http fetch GET 200 https://registry.npmjs.org/@mui/styled-engine/-/styled-engine-7.3.3.tgz 1487ms (cache miss)
671 http fetch GET 200 https://registry.npmjs.org/@babel/template/-/template-7.27.2.tgz 1497ms (cache miss)
672 http fetch GET 200 https://registry.npmjs.org/@babel/helper-globals/-/helper-globals-7.28.0.tgz 1504ms (cache miss)
673 http fetch GET 200 https://registry.npmjs.org/@babel/helper-validator-identifier/-/helper-validator-identifier-7.27.1.tgz 1515ms (cache miss)
674 http fetch GET 200 https://registry.npmjs.org/@babel/generator/-/generator-7.28.3.tgz 1687ms (cache miss)
675 http fetch GET 200 https://registry.npmjs.org/@babel/code-frame/-/code-frame-7.27.1.tgz 1702ms (cache miss)
676 http fetch GET 200 https://registry.npmjs.org/find-root/-/find-root-1.1.0.tgz 1988ms (cache miss)
677 http fetch GET 200 https://registry.npmjs.org/stylis/-/stylis-4.2.0.tgz 2182ms (cache miss)
678 http fetch GET 200 https://registry.npmjs.org/react-transition-group/-/react-transition-group-4.4.5.tgz 2255ms (cache miss)
679 http fetch GET 200 https://registry.npmjs.org/convert-source-map/-/convert-source-map-1.9.0.tgz 2363ms (cache miss)
680 http fetch GET 200 https://registry.npmjs.org/babel-plugin-macros/-/babel-plugin-macros-3.1.0.tgz 2437ms (cache miss)
681 http fetch GET 200 https://registry.npmjs.org/@babel/helper-module-imports/-/helper-module-imports-7.27.1.tgz 2463ms (cache miss)
682 http fetch GET 200 https://registry.npmjs.org/@emotion/hash/-/hash-0.9.2.tgz 2467ms (cache miss)
683 http fetch GET 200 https://registry.npmjs.org/hoist-non-react-statics/-/hoist-non-react-statics-3.3.2.tgz 2474ms (cache miss)
684 http fetch GET 200 https://registry.npmjs.org/@emotion/memoize/-/memoize-0.9.0.tgz 2476ms (cache miss)
685 http fetch GET 200 https://registry.npmjs.org/@emotion/weak-memoize/-/weak-memoize-0.4.0.tgz 2500ms (cache miss)
686 http fetch GET 200 https://registry.npmjs.org/@emotion/utils/-/utils-1.4.2.tgz 2529ms (cache miss)
687 http fetch GET 200 https://registry.npmjs.org/@babel/traverse/-/traverse-7.28.4.tgz 2621ms (cache miss)
688 http fetch GET 200 https://registry.npmjs.org/@emotion/use-insertion-effect-with-fallbacks/-/use-insertion-effect-with-fallbacks-1.2.0.tgz 2624ms (cache miss)
689 http fetch GET 200 https://registry.npmjs.org/@emotion/serialize/-/serialize-1.3.3.tgz 2625ms (cache miss)
690 http fetch GET 200 https://registry.npmjs.org/@emotion/cache/-/cache-11.14.0.tgz 2632ms (cache miss)
691 http fetch GET 200 https://registry.npmjs.org/source-map/-/source-map-0.5.7.tgz 2638ms (cache miss)
692 http fetch GET 200 https://registry.npmjs.org/@emotion/babel-plugin/-/babel-plugin-11.13.5.tgz 2695ms (cache miss)
693 http fetch GET 200 https://registry.npmjs.org/@babel/parser/-/parser-7.28.4.tgz 2697ms (cache miss)
694 http fetch GET 200 https://registry.npmjs.org/@emotion/styled/-/styled-11.14.1.tgz 2723ms (cache miss)
695 http fetch GET 200 https://registry.npmjs.org/react-is/-/react-is-19.2.0.tgz 2766ms (cache miss)
696 http fetch GET 200 https://registry.npmjs.org/@babel/types/-/types-7.28.4.tgz 2799ms (cache miss)
697 http fetch GET 200 https://registry.npmjs.org/@emotion/react/-/react-11.14.0.tgz 2861ms (cache miss)
698 http fetch GET 200 https://registry.npmjs.org/react-is/-/react-is-19.2.0.tgz 2864ms (cache miss)
699 http fetch GET 200 https://registry.npmjs.org/@types/react-transition-group/-/react-transition-group-4.4.12.tgz 2865ms (cache miss)
700 http fetch GET 200 https://registry.npmjs.org/@babel/runtime/-/runtime-7.28.4.tgz 2866ms (cache miss)
701 http fetch GET 200 https://registry.npmjs.org/@mui/lab/-/lab-7.0.1-beta.18.tgz 4371ms (cache miss)
702 http fetch GET 200 https://registry.npmjs.org/@mui/material/-/material-7.3.4.tgz 4797ms (cache miss)
703 http fetch GET 200 https://registry.npmjs.org/@mui/icons-material/-/icons-material-7.3.4.tgz 8242ms (cache miss)
704 silly ADD node_modules/dom-helpers
705 silly ADD node_modules/is-arrayish
706 silly ADD node_modules/lines-and-columns
707 silly ADD node_modules/json-parse-even-better-errors
708 silly ADD node_modules/error-ex
709 silly ADD node_modules/yaml
710 silly ADD node_modules/path-type
711 silly ADD node_modules/parse-json
712 silly ADD node_modules/@types/parse-json
713 silly ADD node_modules/cosmiconfig
714 silly ADD node_modules/@types/prop-types
715 silly ADD node_modules/@mui/styled-engine
716 silly ADD node_modules/@mui/private-theming
717 silly ADD node_modules/react-transition-group
718 silly ADD node_modules/@types/react-transition-group
719 silly ADD node_modules/@popperjs/core
720 silly ADD node_modules/@mui/core-downloads-tracker
721 silly ADD node_modules/clsx
722 silly ADD node_modules/@mui/utils
723 silly ADD node_modules/@mui/utils/node_modules/react-is
724 silly ADD node_modules/@mui/types
725 silly ADD node_modules/@mui/system
726 silly ADD node_modules/@emotion/is-prop-valid
727 silly ADD node_modules/@emotion/unitless
728 silly ADD node_modules/@emotion/sheet
729 silly ADD node_modules/@babel/helper-string-parser
730 silly ADD node_modules/jsesc
731 silly ADD node_modules/@babel/helper-validator-identifier
732 silly ADD node_modules/@babel/template
733 silly ADD node_modules/@babel/parser
734 silly ADD node_modules/@babel/helper-globals
735 silly ADD node_modules/@babel/generator
736 silly ADD node_modules/@babel/code-frame
737 silly ADD node_modules/@babel/types
738 silly ADD node_modules/@babel/traverse
739 silly ADD node_modules/stylis
740 silly ADD node_modules/source-map
741 silly ADD node_modules/find-root
742 silly ADD node_modules/convert-source-map
743 silly ADD node_modules/babel-plugin-macros
744 silly ADD node_modules/@emotion/memoize
745 silly ADD node_modules/@emotion/hash
746 silly ADD node_modules/@babel/helper-module-imports
747 silly ADD node_modules/hoist-non-react-statics
748 silly ADD node_modules/@emotion/weak-memoize
749 silly ADD node_modules/@emotion/utils
750 silly ADD node_modules/@emotion/use-insertion-effect-with-fallbacks
751 silly ADD node_modules/@emotion/serialize
752 silly ADD node_modules/@emotion/cache
753 silly ADD node_modules/@emotion/babel-plugin
754 silly ADD node_modules/@babel/runtime
755 silly ADD node_modules/@mui/material
756 silly ADD node_modules/@mui/material/node_modules/react-is
757 silly ADD node_modules/@mui/lab
758 silly ADD node_modules/@mui/icons-material
759 silly ADD node_modules/@emotion/styled
760 silly ADD node_modules/@emotion/react
761 silly ADD
762 silly ADD
763 silly ADD
764 silly ADD
765 silly ADD
766 silly ADD
767 silly ADD
768 silly ADD
769 silly ADD
770 silly ADD
771 silly ADD
772 silly ADD
773 silly ADD
774 silly ADD
775 silly ADD
776 silly ADD
777 silly ADD
778 silly ADD
779 silly ADD
780 silly ADD
781 silly ADD
782 silly ADD
783 silly ADD
784 silly ADD
785 silly ADD
786 silly ADD
787 silly ADD
788 silly ADD
789 silly ADD
790 silly ADD
791 silly ADD
792 silly ADD
793 silly ADD
794 silly ADD
795 silly ADD
796 silly ADD
797 silly ADD
798 silly ADD
799 silly ADD
800 silly ADD
801 silly ADD
802 silly ADD
803 silly ADD
804 silly ADD
805 silly ADD
806 silly ADD
807 silly ADD
808 silly ADD
809 silly ADD
810 silly ADD
811 silly ADD
812 silly ADD
813 silly ADD
814 silly ADD
815 silly ADD
816 silly ADD
817 silly ADD
818 silly ADD
819 silly ADD
820 silly ADD
821 silly ADD
822 silly ADD
823 silly ADD
824 silly ADD
825 silly ADD
826 silly ADD
827 verbose cwd /Users/yumna/workspace/portfolio
828 verbose os Darwin 24.5.0
829 verbose node v22.19.0
830 verbose npm  v10.9.3
831 notice
831 notice New major version of npm available! 10.9.3 -> 11.6.2
831 notice Changelog: https://github.com/npm/cli/releases/tag/v11.6.2
831 notice To update run: npm install -g npm@11.6.2
831 notice  { force: true, [Symbol(proc-log.meta)]: true }
832 verbose exit 0
833 info ok
